Archive member included to satisfy reference by file (symbol)

hal_common/libopencm3//lib/libopencm3_stm32f3.a(exti_common_all.o)
                              RoueCodeuse.o (exti_set_trigger)
hal_common/libopencm3//lib/libopencm3_stm32f3.a(gpio_common_all.o)
                              Test.o (gpio_set)
hal_common/libopencm3//lib/libopencm3_stm32f3.a(gpio_common_f0234.o)
                              main.o (gpio_mode_setup)
hal_common/libopencm3//lib/libopencm3_stm32f3.a(i2c_common_v2.o)
                              i2C.o (i2c_reset)
hal_common/libopencm3//lib/libopencm3_stm32f3.a(rcc.o)
                              moteur.o (rcc_clock_setup_hsi)
hal_common/libopencm3//lib/libopencm3_stm32f3.a(rcc_common_all.o)
                              main.o (rcc_periph_clock_enable)
hal_common/libopencm3//lib/libopencm3_stm32f3.a(timer_common_all.o)
                              moteur.o (timer_set_mode)
hal_common/libopencm3//lib/libopencm3_stm32f3.a(usart_common_all.o)
                              uart.o (usart_set_baudrate)
hal_common/libopencm3//lib/libopencm3_stm32f3.a(vector.o)
                              (reset_handler)
hal_common/libopencm3//lib/libopencm3_stm32f3.a(systick.o)
                              clock.o (systick_set_reload)
hal_common/libopencm3//lib/libopencm3_stm32f3.a(nvic.o)
                              RoueCodeuse.o (nvic_enable_irq)
hal_common/libopencm3//lib/libopencm3_stm32f3.a(assert.o)
                              hal_common/libopencm3//lib/libopencm3_stm32f3.a(rcc.o) (cm3_assert_failed)
hal_common/libopencm3//lib/libopencm3_stm32f3.a(flash_common_all.o)
                              hal_common/libopencm3//lib/libopencm3_stm32f3.a(rcc.o) (flash_prefetch_enable)
hal_common/libopencm3//lib/libopencm3_stm32f3.a(usart_common_v2.o)
                              hal_common/libopencm3//lib/libopencm3_stm32f3.a(usart_common_all.o) (usart_send)
/usr/lib/gcc/arm-none-eabi/9.2.1/../../../arm-none-eabi/lib/thumb/v7e-m+fp/hard/libc.a(lib_a-sprintf.o)
                              uart.o (sprintf)
/usr/lib/gcc/arm-none-eabi/9.2.1/../../../arm-none-eabi/lib/thumb/v7e-m+fp/hard/libc.a(lib_a-svfprintf.o)
                              /usr/lib/gcc/arm-none-eabi/9.2.1/../../../arm-none-eabi/lib/thumb/v7e-m+fp/hard/libc.a(lib_a-sprintf.o) (_svfprintf_r)
/usr/lib/gcc/arm-none-eabi/9.2.1/../../../arm-none-eabi/lib/thumb/v7e-m+fp/hard/libc.a(lib_a-dtoa.o)
                              /usr/lib/gcc/arm-none-eabi/9.2.1/../../../arm-none-eabi/lib/thumb/v7e-m+fp/hard/libc.a(lib_a-svfprintf.o) (_dtoa_r)
/usr/lib/gcc/arm-none-eabi/9.2.1/../../../arm-none-eabi/lib/thumb/v7e-m+fp/hard/libc.a(lib_a-impure.o)
                              /usr/lib/gcc/arm-none-eabi/9.2.1/../../../arm-none-eabi/lib/thumb/v7e-m+fp/hard/libc.a(lib_a-sprintf.o) (_impure_ptr)
/usr/lib/gcc/arm-none-eabi/9.2.1/../../../arm-none-eabi/lib/thumb/v7e-m+fp/hard/libc.a(lib_a-localeconv.o)
                              /usr/lib/gcc/arm-none-eabi/9.2.1/../../../arm-none-eabi/lib/thumb/v7e-m+fp/hard/libc.a(lib_a-svfprintf.o) (_localeconv_r)
/usr/lib/gcc/arm-none-eabi/9.2.1/../../../arm-none-eabi/lib/thumb/v7e-m+fp/hard/libc.a(lib_a-mallocr.o)
                              /usr/lib/gcc/arm-none-eabi/9.2.1/../../../arm-none-eabi/lib/thumb/v7e-m+fp/hard/libc.a(lib_a-svfprintf.o) (_malloc_r)
/usr/lib/gcc/arm-none-eabi/9.2.1/../../../arm-none-eabi/lib/thumb/v7e-m+fp/hard/libc.a(lib_a-memchr.o)
                              /usr/lib/gcc/arm-none-eabi/9.2.1/../../../arm-none-eabi/lib/thumb/v7e-m+fp/hard/libc.a(lib_a-svfprintf.o) (memchr)
/usr/lib/gcc/arm-none-eabi/9.2.1/../../../arm-none-eabi/lib/thumb/v7e-m+fp/hard/libc.a(lib_a-memcpy.o)
                              /usr/lib/gcc/arm-none-eabi/9.2.1/../../../arm-none-eabi/lib/thumb/v7e-m+fp/hard/libc.a(lib_a-dtoa.o) (memcpy)
/usr/lib/gcc/arm-none-eabi/9.2.1/../../../arm-none-eabi/lib/thumb/v7e-m+fp/hard/libc.a(lib_a-mlock.o)
                              /usr/lib/gcc/arm-none-eabi/9.2.1/../../../arm-none-eabi/lib/thumb/v7e-m+fp/hard/libc.a(lib_a-mallocr.o) (__malloc_lock)
/usr/lib/gcc/arm-none-eabi/9.2.1/../../../arm-none-eabi/lib/thumb/v7e-m+fp/hard/libc.a(lib_a-mprec.o)
                              /usr/lib/gcc/arm-none-eabi/9.2.1/../../../arm-none-eabi/lib/thumb/v7e-m+fp/hard/libc.a(lib_a-dtoa.o) (_Balloc)
/usr/lib/gcc/arm-none-eabi/9.2.1/../../../arm-none-eabi/lib/thumb/v7e-m+fp/hard/libc.a(lib_a-sbrkr.o)
                              /usr/lib/gcc/arm-none-eabi/9.2.1/../../../arm-none-eabi/lib/thumb/v7e-m+fp/hard/libc.a(lib_a-mallocr.o) (_sbrk_r)
/usr/lib/gcc/arm-none-eabi/9.2.1/../../../arm-none-eabi/lib/thumb/v7e-m+fp/hard/libc.a(lib_a-strlen.o)
                              /usr/lib/gcc/arm-none-eabi/9.2.1/../../../arm-none-eabi/lib/thumb/v7e-m+fp/hard/libc.a(lib_a-svfprintf.o) (strlen)
/usr/lib/gcc/arm-none-eabi/9.2.1/../../../arm-none-eabi/lib/thumb/v7e-m+fp/hard/libc.a(lib_a-svfiprintf.o)
[...]
Memory Configuration

Name             Origin             Length             Attributes
rom              0x0000000008000000 0x0000000000010000 xr
ram              0x0000000020000000 0x0000000000003000 xrw
*default*        0x0000000000000000 0xffffffffffffffff

Linker script and memory map

LOAD main.o
LOAD Test.o
LOAD uart.o
LOAD RoueCodeuse.o
LOAD math_precalc.o
LOAD moteur.o
LOAD asservisement.o
LOAD clock.o
LOAD i2C.o
LOAD hal_common/libopencm3//lib/libopencm3_stm32f3.a
START GROUP
LOAD /usr/lib/gcc/arm-none-eabi/9.2.1/../../../arm-none-eabi/lib/thumb/v7e-m+fp/hard/libc.a
LOAD /usr/lib/gcc/arm-none-eabi/9.2.1/thumb/v7e-m+fp/hard/libgcc.a
LOAD /usr/lib/gcc/arm-none-eabi/9.2.1/../../../arm-none-eabi/lib/thumb/v7e-m+fp/hard/libnosys.a
END GROUP
LOAD /usr/lib/gcc/arm-none-eabi/9.2.1/../../../arm-none-eabi/lib/thumb/v7e-m+fp/hard/libm.a
START GROUP
LOAD /usr/lib/gcc/arm-none-eabi/9.2.1/thumb/v7e-m+fp/hard/libgcc.a
LOAD /usr/lib/gcc/arm-none-eabi/9.2.1/../../../arm-none-eabi/lib/thumb/v7e-m+fp/hard/libg.a
LOAD /usr/lib/gcc/arm-none-eabi/9.2.1/../../../arm-none-eabi/lib/thumb/v7e-m+fp/hard/libc.a
END GROUP

.text           0x0000000008000000     0x8638
 *(.vectors)
 .vectors       0x0000000008000000      0x184 hal_common/libopencm3//lib/libopencm3_stm32f3.a(vector.o)
                0x0000000008000000                vector_table
 *(.text*)
 .text.fonctionTest
                0x0000000008000184      0x13c main.o
                0x0000000008000184                fonctionTest
 .text.fonctionFinAsserv
                0x00000000080002c0        0x4 main.o
                0x00000000080002c0                fonctionFinAsserv
 .text.fonctionDistance
                0x00000000080002c4       0x28 main.o
                0x00000000080002c4                fonctionDistance
 .text.startup.main
                0x00000000080002ec      0x13c main.o
                0x00000000080002ec                main
 .text.Blink    0x0000000008000428        0xc Test.o
                0x0000000008000428                Blink
 .text.led_ON   0x0000000008000434        0xc Test.o
                0x0000000008000434                led_ON
 .text.usart_setup
                0x0000000008000440       0x64 uart.o
                0x0000000008000440                usart_setup
 .text.usart_send_debug
                0x00000000080004a4       0x1c uart.o
                0x00000000080004a4                usart_send_debug
 .text.usart_send_debugln
                0x00000000080004c0       0x20 uart.o
                0x00000000080004c0                usart_send_debugln
 .text.usart_send_debugint
                0x00000000080004e0       0x54 uart.o
                0x00000000080004e0                usart_send_debugint
 .text.usart_send_debugintln
                0x0000000008000534       0x20 uart.o
                0x0000000008000534                usart_send_debugintln
 .text.exti_setup
                0x0000000008000554       0xb4 RoueCodeuse.o
                0x0000000008000554                exti_setup
 .text.exti9_5_isr
                0x0000000008000608      0x150 RoueCodeuse.o
                0x0000000008000608                exti9_5_isr
 .text.exti1_isr
                0x0000000008000758      0x148 RoueCodeuse.o
                0x0000000008000758                exti1_isr
 .text.getCoordonneRobot
                0x00000000080008a0       0x28 RoueCodeuse.o
                0x00000000080008a0                getCoordonneRobot
 .text.setCoordonneRobot
                0x00000000080008c8       0x14 RoueCodeuse.o
                0x00000000080008c8                setCoordonneRobot
 .text.cos_precalc
                0x00000000080008dc       0x80 math_precalc.o
                0x00000000080008dc                cos_precalc
 .text.sin_precalc
                0x000000000800095c       0x10 math_precalc.o
                0x000000000800095c                sin_precalc
 *fill*         0x000000000800096c        0x4 
 .text.mod_angle
                0x0000000008000970       0x64 math_precalc.o
                0x0000000008000970                mod_angle
 .text.moteur_setup
                0x00000000080009d4       0x80 moteur.o
                0x00000000080009d4                moteur_setup
 .text.init_pwm_moteurs
                0x0000000008000a54      0x118 moteur.o
                0x0000000008000a54                init_pwm_moteurs
 .text.setVitesseMoteurGauche
                0x0000000008000b6c       0x20 moteur.o
                0x0000000008000b6c                setVitesseMoteurGauche
 .text.setVitesseMoteurDroit
                0x0000000008000b8c       0x1c moteur.o
                0x0000000008000b8c                setVitesseMoteurDroit
 .text.enableBrakeMoteurGauche
                0x0000000008000ba8        0xa moteur.o
                0x0000000008000ba8                enableBrakeMoteurGauche
 .text.disableBrakeMoteurGauche
                0x0000000008000bb2        0xa moteur.o
                0x0000000008000bb2                disableBrakeMoteurGauche
 .text.enableBrakeMoteurDroit
                0x0000000008000bbc        0xc moteur.o
                0x0000000008000bbc                enableBrakeMoteurDroit
 .text.disableBrakeMoteurDroit
                0x0000000008000bc8        0xc moteur.o
                0x0000000008000bc8                disableBrakeMoteurDroit
 .text.stopMoteur
                0x0000000008000bd4       0x20 asservisement.o
                0x0000000008000bd4                stopMoteur
 .text.asservisement_setup
                0x0000000008000bf4       0x6c asservisement.o
                0x0000000008000bf4                asservisement_setup
 .text.resetAsserv
                0x0000000008000c60       0x98 asservisement.o
                0x0000000008000c60                resetAsserv
 .text.setConsigneLineaire
                0x0000000008000cf8       0x50 asservisement.o
                0x0000000008000cf8                setConsigneLineaire
 .text.setConsigneAngulaire
                0x0000000008000d48       0x50 asservisement.o
                0x0000000008000d48                setConsigneAngulaire
 .text.setConsigneTourner
                0x0000000008000d98      0x150 asservisement.o
                0x0000000008000d98                setConsigneTourner
 .text.asservSetCallback
                0x0000000008000ee8       0x14 asservisement.o
                0x0000000008000ee8                asservSetCallback
 .text.asservFinish
                0x0000000008000efc       0x34 asservisement.o
                0x0000000008000efc                asservFinish
 .text.asservSetDistanceCallback
                0x0000000008000f30       0x14 asservisement.o
                0x0000000008000f30                asservSetDistanceCallback
 .text.asservDistance
                0x0000000008000f44       0x18 asservisement.o
                0x0000000008000f44                asservDistance
 *fill*         0x0000000008000f5c        0x4 
 .text.tim3_isr
                0x0000000008000f60      0x908 asservisement.o
                0x0000000008000f60                tim3_isr
 .text.clock_setup
                0x0000000008001868       0x2c clock.o
                0x0000000008001868                clock_setup
 .text.sys_tick_handler
                0x0000000008001894       0x10 clock.o
                0x0000000008001894                sys_tick_handler
 *fill*         0x00000000080018a4        0x4 
 .text.get_uptime_ms
                0x00000000080018a8       0x2c clock.o
                0x00000000080018a8                get_uptime_ms
 .text.i2c_setup
                0x00000000080018d4       0xc4 i2C.o
                0x00000000080018d4                i2c_setup
 .text.i2c_transferAntiBlocage
                0x0000000008001998       0xc0 i2C.o
                0x0000000008001998                i2c_transferAntiBlocage
 .text.i2c_send
                0x0000000008001a58       0x3c i2C.o
                0x0000000008001a58                i2c_send
 .text.i2c1_ev_exti23_isr
                0x0000000008001a94       0xc4 i2C.o
                0x0000000008001a94                i2c1_ev_exti23_isr
 .text.setCallback
                0x0000000008001b58       0x14 i2C.o
                0x0000000008001b58                setCallback
 .text.exti_set_trigger
                0x0000000008001b6c       0x38 hal_common/libopencm3//lib/libopencm3_stm32f3.a(exti_common_all.o)
                0x0000000008001b6c                exti_set_trigger
 .text.exti_enable_request
                0x0000000008001ba4       0x14 hal_common/libopencm3//lib/libopencm3_stm32f3.a(exti_common_all.o)
                0x0000000008001ba4                exti_enable_request
 .text.exti_reset_request
                0x0000000008001bb8        0xc hal_common/libopencm3//lib/libopencm3_stm32f3.a(exti_common_all.o)
                0x0000000008001bb8                exti_reset_request
 .text.exti_select_source
                0x0000000008001bc4       0xb0 hal_common/libopencm3//lib/libopencm3_stm32f3.a(exti_common_all.o)
                0x0000000008001bc4                exti_select_source
 .text.gpio_set
                0x0000000008001c74        0x4 hal_common/libopencm3//lib/libopencm3_stm32f3.a(gpio_common_all.o)
                0x0000000008001c74                gpio_set
 .text.gpio_clear
                0x0000000008001c78        0x6 hal_common/libopencm3//lib/libopencm3_stm32f3.a(gpio_common_all.o)
                0x0000000008001c78                gpio_clear
 .text.gpio_get
                0x0000000008001c7e        0x6 hal_common/libopencm3//lib/libopencm3_stm32f3.a(gpio_common_all.o)
                0x0000000008001c7e                gpio_get
 .text.gpio_toggle
                0x0000000008001c84       0x12 hal_common/libopencm3//lib/libopencm3_stm32f3.a(gpio_common_all.o)
                0x0000000008001c84                gpio_toggle
 .text.gpio_mode_setup
                0x0000000008001c96       0x40 hal_common/libopencm3//lib/libopencm3_stm32f3.a(gpio_common_f0234.o)
                0x0000000008001c96                gpio_mode_setup
 .text.gpio_set_output_options
                0x0000000008001cd6       0x36 hal_common/libopencm3//lib/libopencm3_stm32f3.a(gpio_common_f0234.o)
                0x0000000008001cd6                gpio_set_output_options
 .text.gpio_set_af
                0x0000000008001d0c       0x54 hal_common/libopencm3//lib/libopencm3_stm32f3.a(gpio_common_f0234.o)
                0x0000000008001d0c                gpio_set_af
 .text.i2c_reset
                0x0000000008001d60       0x30 hal_common/libopencm3//lib/libopencm3_stm32f3.a(i2c_common_v2.o)
                0x0000000008001d60                i2c_reset
 .text.i2c_peripheral_enable
                0x0000000008001d90        0xa hal_common/libopencm3//lib/libopencm3_stm32f3.a(i2c_common_v2.o)
                0x0000000008001d90                i2c_peripheral_enable
 .text.i2c_peripheral_disable
                0x0000000008001d9a        0xa hal_common/libopencm3//lib/libopencm3_stm32f3.a(i2c_common_v2.o)
                0x0000000008001d9a                i2c_peripheral_disable
 .text.i2c_send_start
                0x0000000008001da4        0xa hal_common/libopencm3//lib/libopencm3_stm32f3.a(i2c_common_v2.o)
                0x0000000008001da4                i2c_send_start
 .text.i2c_send_stop
                0x0000000008001dae        0xa hal_common/libopencm3//lib/libopencm3_stm32f3.a(i2c_common_v2.o)
                0x0000000008001dae                i2c_send_stop
 .text.i2c_set_own_7bit_slave_address
                0x0000000008001db8        0xe hal_common/libopencm3//lib/libopencm3_stm32f3.a(i2c_common_v2.o)
                0x0000000008001db8                i2c_set_own_7bit_slave_address
 .text.i2c_send_data
                0x0000000008001dc6        0x4 hal_common/libopencm3//lib/libopencm3_stm32f3.a(i2c_common_v2.o)
                0x0000000008001dc6                i2c_send_data
 .text.i2c_get_data
                0x0000000008001dca        0x6 hal_common/libopencm3//lib/libopencm3_stm32f3.a(i2c_common_v2.o)
                0x0000000008001dca                i2c_get_data
 .text.i2c_enable_analog_filter
                0x0000000008001dd0        0xa hal_common/libopencm3//lib/libopencm3_stm32f3.a(i2c_common_v2.o)
                0x0000000008001dd0                i2c_enable_analog_filter
 .text.i2c_set_digital_filter
                0x0000000008001dda        0xe hal_common/libopencm3//lib/libopencm3_stm32f3.a(i2c_common_v2.o)
                0x0000000008001dda                i2c_set_digital_filter
 .text.i2c_set_prescaler
                0x0000000008001de8        0xe hal_common/libopencm3//lib/libopencm3_stm32f3.a(i2c_common_v2.o)
                0x0000000008001de8                i2c_set_prescaler
 .text.i2c_set_data_setup_time
                0x0000000008001df6        0xe hal_common/libopencm3//lib/libopencm3_stm32f3.a(i2c_common_v2.o)
                0x0000000008001df6                i2c_set_data_setup_time
 .text.i2c_set_data_hold_time
                0x0000000008001e04        0xe hal_common/libopencm3//lib/libopencm3_stm32f3.a(i2c_common_v2.o)
                0x0000000008001e04                i2c_set_data_hold_time
 .text.i2c_set_scl_high_period
                0x0000000008001e12        0xe hal_common/libopencm3//lib/libopencm3_stm32f3.a(i2c_common_v2.o)
                0x0000000008001e12                i2c_set_scl_high_period
 .text.i2c_set_scl_low_period
                0x0000000008001e20        0xc hal_common/libopencm3//lib/libopencm3_stm32f3.a(i2c_common_v2.o)
                0x0000000008001e20                i2c_set_scl_low_period
 .text.i2c_disable_stretching
                0x0000000008001e2c        0xa hal_common/libopencm3//lib/libopencm3_stm32f3.a(i2c_common_v2.o)
                0x0000000008001e2c                i2c_disable_stretching
 .text.i2c_set_7bit_address
                0x0000000008001e36       0x10 hal_common/libopencm3//lib/libopencm3_stm32f3.a(i2c_common_v2.o)
                0x0000000008001e36                i2c_set_7bit_address
 .text.i2c_set_write_transfer_dir
                0x0000000008001e46        0xa hal_common/libopencm3//lib/libopencm3_stm32f3.a(i2c_common_v2.o)
                0x0000000008001e46                i2c_set_write_transfer_dir
 .text.i2c_set_bytes_to_transfer
                0x0000000008001e50        0xe hal_common/libopencm3//lib/libopencm3_stm32f3.a(i2c_common_v2.o)
                0x0000000008001e50                i2c_set_bytes_to_transfer
 .text.i2c_disable_autoend
                0x0000000008001e5e        0xa hal_common/libopencm3//lib/libopencm3_stm32f3.a(i2c_common_v2.o)
                0x0000000008001e5e                i2c_disable_autoend
 .text.i2c_nack
                0x0000000008001e68        0x8 hal_common/libopencm3//lib/libopencm3_stm32f3.a(i2c_common_v2.o)
                0x0000000008001e68                i2c_nack
 .text.i2c_transmit_int_status
                0x0000000008001e70        0x8 hal_common/libopencm3//lib/libopencm3_stm32f3.a(i2c_common_v2.o)
                0x0000000008001e70                i2c_transmit_int_status
 .text.i2c_transfer_complete
                0x0000000008001e78        0x8 hal_common/libopencm3//lib/libopencm3_stm32f3.a(i2c_common_v2.o)
                0x0000000008001e78                i2c_transfer_complete
 .text.i2c_enable_interrupt
                0x0000000008001e80        0x8 hal_common/libopencm3//lib/libopencm3_stm32f3.a(i2c_common_v2.o)
                0x0000000008001e80                i2c_enable_interrupt
 .text.i2c_enable_rxdma
                0x0000000008001e88        0xa hal_common/libopencm3//lib/libopencm3_stm32f3.a(i2c_common_v2.o)
                0x0000000008001e88                i2c_enable_rxdma
 .text.i2c_set_speed
                0x0000000008001e92       0x56 hal_common/libopencm3//lib/libopencm3_stm32f3.a(i2c_common_v2.o)
                0x0000000008001e92                i2c_set_speed
 .text.rcc_wait_for_sysclk_status.part.0
                0x0000000008001ee8       0x14 hal_common/libopencm3//lib/libopencm3_stm32f3.a(rcc.o)
 .text.rcc_is_osc_ready
                0x0000000008001efc       0x44 hal_common/libopencm3//lib/libopencm3_stm32f3.a(rcc.o)
                0x0000000008001efc                rcc_is_osc_ready
 .text.rcc_wait_for_osc_ready
                0x0000000008001f40       0x10 hal_common/libopencm3//lib/libopencm3_stm32f3.a(rcc.o)
                0x0000000008001f40                rcc_wait_for_osc_ready
 .text.rcc_wait_for_osc_not_ready
                0x0000000008001f50       0x10 hal_common/libopencm3//lib/libopencm3_stm32f3.a(rcc.o)
                0x0000000008001f50                rcc_wait_for_osc_not_ready
 .text.rcc_wait_for_sysclk_status
                0x0000000008001f60       0x30 hal_common/libopencm3//lib/libopencm3_stm32f3.a(rcc.o)
                0x0000000008001f60                rcc_wait_for_sysclk_status
 .text.rcc_osc_on
                0x0000000008001f90       0x44 hal_common/libopencm3//lib/libopencm3_stm32f3.a(rcc.o)
                0x0000000008001f90                rcc_osc_on
 .text.rcc_set_sysclk_source
                0x0000000008001fd4       0x14 hal_common/libopencm3//lib/libopencm3_stm32f3.a(rcc.o)
                0x0000000008001fd4                rcc_set_sysclk_source
 .text.rcc_set_pll_source
                0x0000000008001fe8       0x14 hal_common/libopencm3//lib/libopencm3_stm32f3.a(rcc.o)
                0x0000000008001fe8                rcc_set_pll_source
 .text.rcc_set_ppre2
                0x0000000008001ffc       0x14 hal_common/libopencm3//lib/libopencm3_stm32f3.a(rcc.o)
                0x0000000008001ffc                rcc_set_ppre2
 .text.rcc_set_ppre1
                0x0000000008002010       0x14 hal_common/libopencm3//lib/libopencm3_stm32f3.a(rcc.o)
                0x0000000008002010                rcc_set_ppre1
 .text.rcc_set_hpre
                0x0000000008002024       0x14 hal_common/libopencm3//lib/libopencm3_stm32f3.a(rcc.o)
                0x0000000008002024                rcc_set_hpre
 .text.rcc_set_pll_multiplier
                0x0000000008002038       0x14 hal_common/libopencm3//lib/libopencm3_stm32f3.a(rcc.o)
                0x0000000008002038                rcc_set_pll_multiplier
 .text.rcc_clock_setup_hsi
                0x000000000800204c       0x8c hal_common/libopencm3//lib/libopencm3_stm32f3.a(rcc.o)
                0x000000000800204c                rcc_clock_setup_hsi
 .text.rcc_set_i2c_clock_hsi
                0x00000000080020d8       0x30 hal_common/libopencm3//lib/libopencm3_stm32f3.a(rcc.o)
                0x00000000080020d8                rcc_set_i2c_clock_hsi
 .text.rcc_periph_clock_enable
                0x0000000008002108       0x1c hal_common/libopencm3//lib/libopencm3_stm32f3.a(rcc_common_all.o)
                0x0000000008002108                rcc_periph_clock_enable
 .text.rcc_periph_reset_pulse
                0x0000000008002124       0x24 hal_common/libopencm3//lib/libopencm3_stm32f3.a(rcc_common_all.o)
                0x0000000008002124                rcc_periph_reset_pulse
 .text.timer_set_mode
                0x0000000008002148       0x12 hal_common/libopencm3//lib/libopencm3_stm32f3.a(timer_common_all.o)
                0x0000000008002148                timer_set_mode
 .text.timer_enable_counter
                0x000000000800215a        0xa hal_common/libopencm3//lib/libopencm3_stm32f3.a(timer_common_all.o)
                0x000000000800215a                timer_enable_counter
 .text.timer_set_period
                0x0000000008002164        0x4 hal_common/libopencm3//lib/libopencm3_stm32f3.a(timer_common_all.o)
                0x0000000008002164                timer_set_period
 .text.timer_set_oc_mode
                0x0000000008002168      0x18c hal_common/libopencm3//lib/libopencm3_stm32f3.a(timer_common_all.o)
                0x0000000008002168                timer_set_oc_mode
 .text.timer_set_oc_polarity_high
                0x00000000080022f4       0x4a hal_common/libopencm3//lib/libopencm3_stm32f3.a(timer_common_all.o)
                0x00000000080022f4                timer_set_oc_polarity_high
 .text.timer_enable_oc_output
                0x000000000800233e       0x4a hal_common/libopencm3//lib/libopencm3_stm32f3.a(timer_common_all.o)
                0x000000000800233e                timer_enable_oc_output
 .text.timer_set_oc_value
                0x0000000008002388       0x20 hal_common/libopencm3//lib/libopencm3_stm32f3.a(timer_common_all.o)
                0x0000000008002388                timer_set_oc_value
 .text.timer_enable_break_main_output
                0x00000000080023a8        0xa hal_common/libopencm3//lib/libopencm3_stm32f3.a(timer_common_all.o)
                0x00000000080023a8                timer_enable_break_main_output
 *fill*         0x00000000080023b2        0x2 
 .text.usart_set_baudrate
                0x00000000080023b4       0x28 hal_common/libopencm3//lib/libopencm3_stm32f3.a(usart_common_all.o)
                0x00000000080023b4                usart_set_baudrate
 .text.usart_set_databits
                0x00000000080023dc       0x12 hal_common/libopencm3//lib/libopencm3_stm32f3.a(usart_common_all.o)
                0x00000000080023dc                usart_set_databits
 .text.usart_set_stopbits
                0x00000000080023ee        0xc hal_common/libopencm3//lib/libopencm3_stm32f3.a(usart_common_all.o)
                0x00000000080023ee                usart_set_stopbits
 .text.usart_set_parity
                0x00000000080023fa        0xc hal_common/libopencm3//lib/libopencm3_stm32f3.a(usart_common_all.o)
                0x00000000080023fa                usart_set_parity
 .text.usart_set_mode
                0x0000000008002406        0xc hal_common/libopencm3//lib/libopencm3_stm32f3.a(usart_common_all.o)
                0x0000000008002406                usart_set_mode
 .text.usart_set_flow_control
                0x0000000008002412        0xc hal_common/libopencm3//lib/libopencm3_stm32f3.a(usart_common_all.o)
                0x0000000008002412                usart_set_flow_control
 .text.usart_enable
                0x000000000800241e        0xa hal_common/libopencm3//lib/libopencm3_stm32f3.a(usart_common_all.o)
                0x000000000800241e                usart_enable
 .text.usart_send_blocking
                0x0000000008002428       0x18 hal_common/libopencm3//lib/libopencm3_stm32f3.a(usart_common_all.o)
                0x0000000008002428                usart_send_blocking
 .text.blocking_handler
                0x0000000008002440        0x2 hal_common/libopencm3//lib/libopencm3_stm32f3.a(vector.o)
                0x0000000008002440                usb_lp_isr
                0x0000000008002440                i2c2_ev_exti24_isr
                0x0000000008002440                usb_hp_isr
                0x0000000008002440                hrtim_timb_isr
                0x0000000008002440                tim7_isr
                0x0000000008002440                adc1_2_isr
                0x0000000008002440                hrtim_timc_isr
                0x0000000008002440                reserved_13_isr
                0x0000000008002440                blocking_handler
                0x0000000008002440                rtc_wkup_isr
                0x0000000008002440                tim1_up_tim16_isr
                0x0000000008002440                spi1_isr
                0x0000000008002440                dma1_channel6_isr
                0x0000000008002440                reserved_5_isr
                0x0000000008002440                dma1_channel5_isr
                0x0000000008002440                dma2_channel5_isr
                0x0000000008002440                tamp_stamp_isr
                0x0000000008002440                can1_rx1_isr
                0x0000000008002440                hrtim_master_isr
                0x0000000008002440                hrtim_tima_isr
                0x0000000008002440                usage_fault_handler
                0x0000000008002440                tim8_trg_com_isr
                0x0000000008002440                tim1_trg_com_tim17_isr
                0x0000000008002440                reserved_15_isr
                0x0000000008002440                usb_wkup_isr
                0x0000000008002440                can1_sce_isr
                0x0000000008002440                reserved_3_isr
                0x0000000008002440                tim1_cc_isr
                0x0000000008002440                eth_isr
                0x0000000008002440                reserved_14_isr
                0x0000000008002440                dma1_channel4_isr
                0x0000000008002440                tim8_brk_isr
                0x0000000008002440                dma2_channel4_isr
                0x0000000008002440                pvd_isr
                0x0000000008002440                comp123_isr
                0x0000000008002440                comp456_isr
                0x0000000008002440                rcc_isr
                0x0000000008002440                flash_isr
                0x0000000008002440                rtc_alarm_isr
                0x0000000008002440                reserved_2_isr
                0x0000000008002440                exti15_10_isr
                0x0000000008002440                hard_fault_handler
                0x0000000008002440                dma2_channel1_isr
                0x0000000008002440                spi2_isr
                0x0000000008002440                nvic_wwdg_isr
                0x0000000008002440                tim8_up_isr
                0x0000000008002440                usart1_exti25_isr
                0x0000000008002440                dma2_channel2_isr
                0x0000000008002440                exti3_isr
                0x0000000008002440                adc3_isr
                0x0000000008002440                i2c2_er_isr
                0x0000000008002440                reserved_1_isr
                0x0000000008002440                dma1_channel1_isr
                0x0000000008002440                exti4_isr
                0x0000000008002440                tim6_dac_isr
                0x0000000008002440                mem_manage_handler
                0x0000000008002440                dma2_channel3_isr
                0x0000000008002440                usb_hp_can1_tx_isr
                0x0000000008002440                dma1_channel7_isr
                0x0000000008002440                usart3_exti28_isr
                0x0000000008002440                tim4_isr
                0x0000000008002440                usb_lp_can1_rx0_isr
                0x0000000008002440                hrtim_time_isr
                0x0000000008002440                hrtim_timd_isr
                0x0000000008002440                dma1_channel2_isr
                0x0000000008002440                i2c1_er_isr
                0x0000000008002440                tim8_cc_isr
                0x0000000008002440                comp7_isr
                0x0000000008002440                uart5_exti35_isr
                0x0000000008002440                reserved_4_isr
                0x0000000008002440                hrtim_flt_isr
                0x0000000008002440                bus_fault_handler
                0x0000000008002440                tim1_brk_tim15_isr
                0x0000000008002440                dma1_channel3_isr
                0x0000000008002440                uart4_exti34_isr
                0x0000000008002440                usart2_exti26_isr
                0x0000000008002440                spi3_isr
                0x0000000008002440                tim2_isr
                0x0000000008002440                reserved_16_isr
                0x0000000008002440                exti2_tsc_isr
                0x0000000008002440                usb_wkup_a_isr
                0x0000000008002440                exti0_isr
 .text.null_handler
                0x0000000008002442        0x2 hal_common/libopencm3//lib/libopencm3_stm32f3.a(vector.o)
                0x0000000008002442                null_handler
                0x0000000008002442                sv_call_handler
                0x0000000008002442                pend_sv_handler
                0x0000000008002442                debug_monitor_handler
                0x0000000008002442                nmi_handler
 .text.reset_handler
                0x0000000008002444       0x98 hal_common/libopencm3//lib/libopencm3_stm32f3.a(vector.o)
                0x0000000008002444                reset_handler
 .text.systick_set_reload
                0x00000000080024dc       0x10 hal_common/libopencm3//lib/libopencm3_stm32f3.a(systick.o)
                0x00000000080024dc                systick_set_reload
 .text.systick_set_clocksource
                0x00000000080024ec       0x18 hal_common/libopencm3//lib/libopencm3_stm32f3.a(systick.o)
                0x00000000080024ec                systick_set_clocksource
 .text.systick_interrupt_enable
                0x0000000008002504       0x10 hal_common/libopencm3//lib/libopencm3_stm32f3.a(systick.o)
                0x0000000008002504                systick_interrupt_enable
 .text.systick_counter_enable
                0x0000000008002514       0x10 hal_common/libopencm3//lib/libopencm3_stm32f3.a(systick.o)
                0x0000000008002514                systick_counter_enable
 .text.systick_clear
                0x0000000008002524        0xc hal_common/libopencm3//lib/libopencm3_stm32f3.a(systick.o)
                0x0000000008002524                systick_clear
 .text.nvic_enable_irq
                0x0000000008002530       0x1c hal_common/libopencm3//lib/libopencm3_stm32f3.a(nvic.o)
                0x0000000008002530                nvic_enable_irq
 .text.nvic_set_priority
                0x000000000800254c       0x20 hal_common/libopencm3//lib/libopencm3_stm32f3.a(nvic.o)
                0x000000000800254c                nvic_set_priority
 .text.flash_set_ws
                0x000000000800256c       0x14 hal_common/libopencm3//lib/libopencm3_stm32f3.a(flash_common_all.o)
                0x000000000800256c                flash_set_ws
 .text.usart_send
                0x0000000008002580        0x8 hal_common/libopencm3//lib/libopencm3_stm32f3.a(usart_common_v2.o)
                0x0000000008002580                usart_send
 .text.usart_wait_send_ready
                0x0000000008002588        0x8 hal_common/libopencm3//lib/libopencm3_stm32f3.a(usart_common_v2.o)
                0x0000000008002588                usart_wait_send_ready
 .text          0x0000000008002590      0x378 /usr/lib/gcc/arm-none-eabi/9.2.1/thumb/v7e-m+fp/hard/libgcc.a(_arm_addsubdf3.o)
                0x0000000008002590                __aeabi_drsub
                0x0000000008002598                __aeabi_dsub
                0x0000000008002598                __subdf3
                0x000000000800259c                __adddf3
                0x000000000800259c                __aeabi_dadd
                0x0000000008002814                __aeabi_ui2d
                0x0000000008002814                __floatunsidf
                0x0000000008002834                __floatsidf
                0x0000000008002834                __aeabi_i2d
                0x0000000008002858                __extendsfdf2
                0x0000000008002858                __aeabi_f2d
                0x000000000800289c                __aeabi_ul2d
                0x000000000800289c                __floatundidf
                0x00000000080028ac                __floatdidf
                0x00000000080028ac                __aeabi_l2d
 .text          0x0000000008002908      0x424 /usr/lib/gcc/arm-none-eabi/9.2.1/thumb/v7e-m+fp/hard/libgcc.a(_arm_muldivdf3.o)
                0x0000000008002908                __aeabi_dmul
                0x0000000008002908                __muldf3
                0x0000000008002b5c                __aeabi_ddiv
                0x0000000008002b5c                __divdf3
 .text          0x0000000008002d2c      0x110 /usr/lib/gcc/arm-none-eabi/9.2.1/thumb/v7e-m+fp/hard/libgcc.a(_arm_cmpdf2.o)
                0x0000000008002d2c                __gtdf2
                0x0000000008002d2c                __gedf2
                0x0000000008002d34                __ltdf2
                0x0000000008002d34                __ledf2
                0x0000000008002d3c                __cmpdf2
                0x0000000008002d3c                __eqdf2
                0x0000000008002d3c                __nedf2
                0x0000000008002db8                __aeabi_cdrcmple
                0x0000000008002dc8                __aeabi_cdcmple
                0x0000000008002dc8                __aeabi_cdcmpeq
                0x0000000008002dd8                __aeabi_dcmpeq
                0x0000000008002dec                __aeabi_dcmplt
                0x0000000008002e00                __aeabi_dcmple
                0x0000000008002e14                __aeabi_dcmpge
                0x0000000008002e28                __aeabi_dcmpgt
 .text          0x0000000008002e3c       0x2c /usr/lib/gcc/arm-none-eabi/9.2.1/thumb/v7e-m+fp/hard/libgcc.a(_arm_unorddf2.o)
                0x0000000008002e3c                __aeabi_dcmpun
                0x0000000008002e3c                __unorddf2
 .text          0x0000000008002e68       0x50 /usr/lib/gcc/arm-none-eabi/9.2.1/thumb/v7e-m+fp/hard/libgcc.a(_arm_fixdfsi.o)
                0x0000000008002e68                __fixdfsi
                0x0000000008002e68                __aeabi_d2iz
 .text          0x0000000008002eb8       0x40 /usr/lib/gcc/arm-none-eabi/9.2.1/thumb/v7e-m+fp/hard/libgcc.a(_arm_fixunsdfsi.o)
                0x0000000008002eb8                __fixunsdfsi
                0x0000000008002eb8                __aeabi_d2uiz
 .text          0x0000000008002ef8       0xa0 /usr/lib/gcc/arm-none-eabi/9.2.1/thumb/v7e-m+fp/hard/libgcc.a(_arm_truncdfsf2.o)
                0x0000000008002ef8                __aeabi_d2f
                0x0000000008002ef8                __truncdfsf2
 .text          0x0000000008002f98      0x34c /usr/lib/gcc/arm-none-eabi/9.2.1/../../../arm-none-eabi/lib/thumb/v7e-m+fp/hard/libm.a(lib_a-s_atan.o)
                0x0000000008002f98                atan
 *fill*         0x00000000080032e4        0x4 
 .text          0x00000000080032e8       0xc0 /usr/lib/gcc/arm-none-eabi/9.2.1/../../../arm-none-eabi/lib/thumb/v7e-m+fp/hard/libm.a(lib_a-s_cos.o)
                0x00000000080032e8                cos
 .text          0x00000000080033a8       0x14 /usr/lib/gcc/arm-none-eabi/9.2.1/../../../arm-none-eabi/lib/thumb/v7e-m+fp/hard/libm.a(lib_a-s_fabs.o)
                0x00000000080033a8                fabs
 .text          0x00000000080033bc       0x88 /usr/lib/gcc/arm-none-eabi/9.2.1/../../../arm-none-eabi/lib/thumb/v7e-m+fp/hard/libm.a(lib_a-w_fmod.o)
                0x00000000080033bc                fmod
 .text          0x0000000008003444       0x74 /usr/lib/gcc/arm-none-eabi/9.2.1/../../../arm-none-eabi/lib/thumb/v7e-m+fp/hard/libm.a(lib_a-w_sqrt.o)
                0x0000000008003444                sqrt
 .text          0x00000000080034b8      0x26c /usr/lib/gcc/arm-none-eabi/9.2.1/../../../arm-none-eabi/lib/thumb/v7e-m+fp/hard/libm.a(lib_a-e_fmod.o)
                0x00000000080034b8                __ieee754_fmod
 *fill*         0x0000000008003724        0x4 
 .text          0x0000000008003728      0x42c /usr/lib/gcc/arm-none-eabi/9.2.1/../../../arm-none-eabi/lib/thumb/v7e-m+fp/hard/libm.a(lib_a-e_rem_pio2.o)
                0x0000000008003728                __ieee754_rem_pio2
 .text          0x0000000008003b54      0x198 /usr/lib/gcc/arm-none-eabi/9.2.1/../../../arm-none-eabi/lib/thumb/v7e-m+fp/hard/libm.a(lib_a-e_sqrt.o)
                0x0000000008003b54                __ieee754_sqrt
 *fill*         0x0000000008003cec        0x4 
 .text          0x0000000008003cf0      0x284 /usr/lib/gcc/arm-none-eabi/9.2.1/../../../arm-none-eabi/lib/thumb/v7e-m+fp/hard/libm.a(lib_a-k_cos.o)
                0x0000000008003cf0                __kernel_cos
 *fill*         0x0000000008003f74        0x4 
 .text          0x0000000008003f78      0x82c /usr/lib/gcc/arm-none-eabi/9.2.1/../../../arm-none-eabi/lib/thumb/v7e-m+fp/hard/libm.a(lib_a-k_rem_pio2.o)
                0x0000000008003f78                __kernel_rem_pio2
 *fill*         0x00000000080047a4        0x4 
 .text          0x00000000080047a8      0x194 /usr/lib/gcc/arm-none-eabi/9.2.1/../../../arm-none-eabi/lib/thumb/v7e-m+fp/hard/libm.a(lib_a-k_sin.o)
                0x00000000080047a8                __kernel_sin
 *fill*         0x000000000800493c        0x4 
 .text          0x0000000008004940      0x108 /usr/lib/gcc/arm-none-eabi/9.2.1/../../../arm-none-eabi/lib/thumb/v7e-m+fp/hard/libm.a(lib_a-s_floor.o)
                0x0000000008004940                floor
 .text          0x0000000008004a48      0x124 /usr/lib/gcc/arm-none-eabi/9.2.1/../../../arm-none-eabi/lib/thumb/v7e-m+fp/hard/libm.a(lib_a-s_scalbn.o)
                0x0000000008004a48                scalbn
 .text          0x0000000008004b6c        0xc /usr/lib/gcc/arm-none-eabi/9.2.1/../../../arm-none-eabi/lib/thumb/v7e-m+fp/hard/libg.a(lib_a-errno.o)
                0x0000000008004b6c                __errno
                0x0000000008004b78                . = ALIGN (0x4)
 *(.rodata*)
 .rodata.fonctionTest.str1.1
                0x0000000008004b78        0x0 main.o
                                          0x1 (size before relaxing)
 .rodata.fonctionDistance.str1.1
                0x0000000008004b78        0x2 main.o
 .rodata.main.str1.1
                0x0000000008004b7a        0xb main.o
 *fill*         0x0000000008004b85        0x3 
 .rodata.t_cos_precalc
                0x0000000008004b88     0x3840 math_precalc.o
                0x0000000008004b88                t_cos_precalc
 .rodata.i2c_transferAntiBlocage.str1.1
                0x00000000080083c8        0x6 i2C.o
 .rodata.i2c_send.str1.1
                0x00000000080083ce        0x4 i2C.o
 .rodata.i2c1_ev_exti23_isr.str1.1
                0x00000000080083d2        0x8 i2C.o
 *fill*         0x00000000080083da        0x2 
 .rodata.rcc_hsi_configs
                0x00000000080083dc       0x30 hal_common/libopencm3//lib/libopencm3_stm32f3.a(rcc.o)
                0x00000000080083dc                rcc_hsi_configs
 *fill*         0x000000000800840c        0x4 
 .rodata        0x0000000008008410       0x40 /usr/lib/gcc/arm-none-eabi/9.2.1/../../../arm-none-eabi/lib/thumb/v7e-m+fp/hard/libm.a(lib_a-s_atan.o)
 .rodata        0x0000000008008450       0x10 /usr/lib/gcc/arm-none-eabi/9.2.1/../../../arm-none-eabi/lib/thumb/v7e-m+fp/hard/libm.a(lib_a-e_fmod.o)
 .rodata        0x0000000008008460      0x188 /usr/lib/gcc/arm-none-eabi/9.2.1/../../../arm-none-eabi/lib/thumb/v7e-m+fp/hard/libm.a(lib_a-e_rem_pio2.o)
 .rodata        0x00000000080085e8       0x50 /usr/lib/gcc/arm-none-eabi/9.2.1/../../../arm-none-eabi/lib/thumb/v7e-m+fp/hard/libm.a(lib_a-k_rem_pio2.o)
                0x0000000008008638                . = ALIGN (0x4)

.glue_7         0x0000000008008638        0x0
 .glue_7        0x0000000008008638        0x0 linker stubs

.glue_7t        0x0000000008008638        0x0
 .glue_7t       0x0000000008008638        0x0 linker stubs

.vfp11_veneer   0x0000000008008638        0x0
 .vfp11_veneer  0x0000000008008638        0x0 linker stubs

.v4_bx          0x0000000008008638        0x0
 .v4_bx         0x0000000008008638        0x0 linker stubs

.iplt           0x0000000008008638        0x0
 .iplt          0x0000000008008638        0x0 main.o

.rel.dyn        0x0000000008008638        0x0
 .rel.iplt      0x0000000008008638        0x0 main.o

.preinit_array  0x0000000008008638        0x0
                0x0000000008008638                . = ALIGN (0x4)
                0x0000000008008638                __preinit_array_start = .
 *(.preinit_array)
                0x0000000008008638                __preinit_array_end = .

.init_array     0x0000000008008638        0x0
                0x0000000008008638                . = ALIGN (0x4)
                0x0000000008008638                __init_array_start = .
 *(SORT_BY_NAME(.init_array.*))
 *(.init_array)
                0x0000000008008638                __init_array_end = .

.fini_array     0x0000000008008638        0x0
                0x0000000008008638                . = ALIGN (0x4)
                0x0000000008008638                __fini_array_start = .
 *(.fini_array)
 *(SORT_BY_NAME(.fini_array.*))
                0x0000000008008638                __fini_array_end = .

.ARM.extab
 *(.ARM.extab*)

.ARM.exidx      0x0000000008008638        0x0
                0x0000000008008638                __exidx_start = .
 *(.ARM.exidx*)
                0x0000000008008638                __exidx_end = .
                0x0000000008008638                . = ALIGN (0x4)
                0x0000000008008638                _etext = .

.noinit
 *(.noinit*)
                0x0000000008008638                . = ALIGN (0x4)

.data           0x0000000020000000      0x444 load address 0x0000000008008638
                0x0000000020000000                _data = .
 *(.data*)
 .data.rcc_ahb_frequency
                0x0000000020000000        0x4 hal_common/libopencm3//lib/libopencm3_stm32f3.a(rcc.o)
                0x0000000020000000                rcc_ahb_frequency
 .data.rcc_apb1_frequency
                0x0000000020000004        0x4 hal_common/libopencm3//lib/libopencm3_stm32f3.a(rcc.o)
                0x0000000020000004                rcc_apb1_frequency
 .data.rcc_apb2_frequency
                0x0000000020000008        0x4 hal_common/libopencm3//lib/libopencm3_stm32f3.a(rcc.o)
                0x0000000020000008                rcc_apb2_frequency
 *fill*         0x000000002000000c        0x4 
 .data          0x0000000020000010      0x430 /usr/lib/gcc/arm-none-eabi/9.2.1/../../../arm-none-eabi/lib/thumb/v7e-m+fp/hard/libc.a(lib_a-impure.o)
                0x0000000020000010                _impure_ptr
 .data          0x0000000020000440        0x1 /usr/lib/gcc/arm-none-eabi/9.2.1/../../../arm-none-eabi/lib/thumb/v7e-m+fp/hard/libm.a(lib_a-s_lib_ver.o)
                0x0000000020000440                __fdlib_version
 *(.ramtext*)
                0x0000000020000444                . = ALIGN (0x4)
 *fill*         0x0000000020000441        0x3 
                0x0000000020000444                _edata = .
                0x0000000008008638                _data_loadaddr = LOADADDR (.data)

.igot.plt       0x0000000020000444        0x0 load address 0x0000000008008a7c
 .igot.plt      0x0000000020000444        0x0 main.o

.bss            0x0000000020000448      0x1a0 load address 0x0000000008008a7c
 *(.bss*)
 .bss.consigneDeb
                0x0000000020000448       0x18 main.o
                0x0000000020000448                consigneDeb
 .bss.valcmdDebug
                0x0000000020000460        0x4 main.o
                0x0000000020000460                valcmdDebug
 .bss.xDebug    0x0000000020000464        0x4 main.o
                0x0000000020000464                xDebug
 .bss.yDebug    0x0000000020000468        0x4 main.o
                0x0000000020000468                yDebug
 .bss.zDebug    0x000000002000046c        0x4 main.o
                0x000000002000046c                zDebug
 .bss.robot     0x0000000020000470       0x18 RoueCodeuse.o
 .bss.angleAsserv
                0x0000000020000488        0x8 asservisement.o
 .bss.angleTournerAvancer
                0x0000000020000490        0x8 asservisement.o
 .bss.angleTournerPoint
                0x0000000020000498        0x8 asservisement.o
 .bss.asservConsigne
                0x00000000200004a0       0x18 asservisement.o
 .bss.callbackAsserv
                0x00000000200004b8        0x4 asservisement.o
                0x00000000200004b8                callbackAsserv
 .bss.callbackAsservDistance
                0x00000000200004bc        0x4 asservisement.o
                0x00000000200004bc                callbackAsservDistance
 .bss.callbackinitialiseAsserv
                0x00000000200004c0        0x1 asservisement.o
                0x00000000200004c0                callbackinitialiseAsserv
 .bss.callbackinitialiseAsservDistance
                0x00000000200004c1        0x1 asservisement.o
                0x00000000200004c1                callbackinitialiseAsservDistance
 .bss.consigneAsservissement
                0x00000000200004c2        0x1 asservisement.o
                0x00000000200004c2                consigneAsservissement
 *fill*         0x00000000200004c3        0x5 
 .bss.consigneVitesseLineaire
                0x00000000200004c8        0x8 asservisement.o
 .bss.consignevitesseangulaire
                0x00000000200004d0        0x8 asservisement.o
 .bss.distanceRobotPoint
                0x00000000200004d8        0x8 asservisement.o
 .bss.erreurPosistionAngulaire
                0x00000000200004e0        0x8 asservisement.o
 .bss.erreurPosistionLineaire
                0x00000000200004e8        0x8 asservisement.o
 .bss.erreurPositionAngulairePoint
                0x00000000200004f0        0x8 asservisement.o
 .bss.erreurPositionLineairePoint
                0x00000000200004f8        0x8 asservisement.o
 .bss.freezeAngle
                0x0000000020000500        0x8 asservisement.o
 .bss.integralPositionAngulaire
                0x0000000020000508        0x8 asservisement.o
 .bss.integralPositionLineaire
                0x0000000020000510        0x8 asservisement.o
 .bss.integralVitesseAngulaire
                0x0000000020000518        0x8 asservisement.o
 .bss.integralVitesseLineaire
                0x0000000020000520        0x8 asservisement.o
 .bss.modeTournerAvancer
                0x0000000020000528        0x1 asservisement.o
                0x0000000020000528                modeTournerAvancer
 *fill*         0x0000000020000529        0x7 
 .bss.oldConsignevitesseLineaire
                0x0000000020000530        0x8 asservisement.o
 .bss.oldErreurPositionAngulaire
                0x0000000020000538        0x8 asservisement.o
 .bss.oldErreurPositionLineaire
                0x0000000020000540        0x8 asservisement.o
 .bss.oldErreurVitesseAngulaire
                0x0000000020000548        0x8 asservisement.o
 .bss.oldErreurVitesseLineaire
                0x0000000020000550        0x8 asservisement.o
 .bss.oldconsignevitesseangulaire
                0x0000000020000558        0x8 asservisement.o
 .bss.pidVitesseAngulaire
                0x0000000020000560        0x8 asservisement.o
 .bss.pidVitesseLineaire
                0x0000000020000568        0x8 asservisement.o
 .bss.positionprecedent
                0x0000000020000570       0x18 asservisement.o
 .bss.robot     0x0000000020000588       0x18 asservisement.o
 .bss.saveTournerAvancer
                0x00000000200005a0       0x18 asservisement.o
 .bss.vitesseLineaire
                0x00000000200005b8        0x8 asservisement.o
 .bss.vittesseAngulaire
                0x00000000200005c0        0x8 asservisement.o
 .bss.systicks  0x00000000200005c8        0x4 clock.o
                0x00000000200005c8                systicks
 .bss.TimePre   0x00000000200005cc        0x4 i2C.o
                0x00000000200005cc                TimePre
 .bss.breakWhileSend
                0x00000000200005d0        0x1 i2C.o
                0x00000000200005d0                breakWhileSend
 .bss.btransmit
                0x00000000200005d1        0x1 i2C.o
                0x00000000200005d1                btransmit
 .bss.bufferRecption
                0x00000000200005d2        0x8 i2C.o
                0x00000000200005d2                bufferRecption
 *fill*         0x00000000200005da        0x2 
 .bss.buffercount
                0x00000000200005dc        0x4 i2C.o
                0x00000000200005dc                buffercount
 .bss.callbacki2cRec
                0x00000000200005e0        0x4 i2C.o
                0x00000000200005e0                callbacki2cRec
 .bss.callbackinitialise
                0x00000000200005e4        0x1 i2C.o
                0x00000000200005e4                callbackinitialise
 *(COMMON)
                0x00000000200005e8                . = ALIGN (0x4)
 *fill*         0x00000000200005e5        0x3 
                0x00000000200005e8                _ebss = .

/DISCARD/
 *(.eh_frame)
                0x00000000200005e8                . = ALIGN (0x4)
                0x00000000200005e8                end = .
                0x0000000020003000                PROVIDE (_stack = (ORIGIN (ram) + LENGTH (ram)))
OUTPUT(main.elf elf32-littlearm)
LOAD linker stubs

.debug_info     0x0000000000000000    0x1689a
 .debug_info    0x0000000000000000     0x136f main.o
 .debug_info    0x000000000000136f      0x267 Test.o
 .debug_info    0x00000000000015d6     0x11a4 uart.o
 .debug_info    0x000000000000277a     0x1192 RoueCodeuse.o
 .debug_info    0x000000000000390c      0x1bb math_precalc.o
 .debug_info    0x0000000000003ac7      0xb99 moteur.o
 .debug_info    0x0000000000004660     0x1526 asservisement.o
 .debug_info    0x0000000000005b86      0x416 clock.o
 .debug_info    0x0000000000005f9c      0xc80 i2C.o
 .debug_info    0x0000000000006c1c      0x229 hal_common/libopencm3//lib/libopencm3_stm32f3.a(exti_common_all.o)
 .debug_info    0x0000000000006e45      0x24e hal_common/libopencm3//lib/libopencm3_stm32f3.a(gpio_common_all.o)
 .debug_info    0x0000000000007093      0x20f hal_common/libopencm3//lib/libopencm3_stm32f3.a(gpio_common_f0234.o)
 .debug_info    0x00000000000072a2      0xe92 hal_common/libopencm3//lib/libopencm3_stm32f3.a(i2c_common_v2.o)
 .debug_info    0x0000000000008134      0xd74 hal_common/libopencm3//lib/libopencm3_stm32f3.a(rcc.o)
 .debug_info    0x0000000000008ea8      0x793 hal_common/libopencm3//lib/libopencm3_stm32f3.a(rcc_common_all.o)
 .debug_info    0x000000000000963b     0x122c hal_common/libopencm3//lib/libopencm3_stm32f3.a(timer_common_all.o)
 .debug_info    0x000000000000a867      0x6d2 hal_common/libopencm3//lib/libopencm3_stm32f3.a(usart_common_all.o)
 .debug_info    0x000000000000af39      0x2e6 hal_common/libopencm3//lib/libopencm3_stm32f3.a(vector.o)
 .debug_info    0x000000000000b21f      0x268 hal_common/libopencm3//lib/libopencm3_stm32f3.a(systick.o)
 .debug_info    0x000000000000b487      0x22d hal_common/libopencm3//lib/libopencm3_stm32f3.a(nvic.o)
 .debug_info    0x000000000000b6b4       0xf0 hal_common/libopencm3//lib/libopencm3_stm32f3.a(flash_common_all.o)
 .debug_info    0x000000000000b7a4      0x396 hal_common/libopencm3//lib/libopencm3_stm32f3.a(usart_common_v2.o)
 .debug_info    0x000000000000bb3a      0x92a /usr/lib/gcc/arm-none-eabi/9.2.1/../../../arm-none-eabi/lib/thumb/v7e-m+fp/hard/libc.a(lib_a-impure.o)
 .debug_info    0x000000000000c464       0x26 /usr/lib/gcc/arm-none-eabi/9.2.1/thumb/v7e-m+fp/hard/libgcc.a(_arm_addsubdf3.o)
 .debug_info    0x000000000000c48a       0x26 /usr/lib/gcc/arm-none-eabi/9.2.1/thumb/v7e-m+fp/hard/libgcc.a(_arm_muldivdf3.o)
 .debug_info    0x000000000000c4b0       0x26 /usr/lib/gcc/arm-none-eabi/9.2.1/thumb/v7e-m+fp/hard/libgcc.a(_arm_cmpdf2.o)
 .debug_info    0x000000000000c4d6       0x26 /usr/lib/gcc/arm-none-eabi/9.2.1/thumb/v7e-m+fp/hard/libgcc.a(_arm_unorddf2.o)
 .debug_info    0x000000000000c4fc       0x26 /usr/lib/gcc/arm-none-eabi/9.2.1/thumb/v7e-m+fp/hard/libgcc.a(_arm_fixdfsi.o)
 .debug_info    0x000000000000c522       0x26 /usr/lib/gcc/arm-none-eabi/9.2.1/thumb/v7e-m+fp/hard/libgcc.a(_arm_fixunsdfsi.o)
 .debug_info    0x000000000000c548       0x26 /usr/lib/gcc/arm-none-eabi/9.2.1/thumb/v7e-m+fp/hard/libgcc.a(_arm_truncdfsf2.o)
 .debug_info    0x000000000000c56e      0xb96 /usr/lib/gcc/arm-none-eabi/9.2.1/../../../arm-none-eabi/lib/thumb/v7e-m+fp/hard/libm.a(lib_a-s_atan.o)
 .debug_info    0x000000000000d104      0xadc /usr/lib/gcc/arm-none-eabi/9.2.1/../../../arm-none-eabi/lib/thumb/v7e-m+fp/hard/libm.a(lib_a-s_cos.o)
 .debug_info    0x000000000000dbe0      0xa0f /usr/lib/gcc/arm-none-eabi/9.2.1/../../../arm-none-eabi/lib/thumb/v7e-m+fp/hard/libm.a(lib_a-s_fabs.o)
 .debug_info    0x000000000000e5ef      0xa0e /usr/lib/gcc/arm-none-eabi/9.2.1/../../../arm-none-eabi/lib/thumb/v7e-m+fp/hard/libm.a(lib_a-w_fmod.o)
 .debug_info    0x000000000000effd      0x9ee /usr/lib/gcc/arm-none-eabi/9.2.1/../../../arm-none-eabi/lib/thumb/v7e-m+fp/hard/libm.a(lib_a-w_sqrt.o)
 .debug_info    0x000000000000f9eb      0xb65 /usr/lib/gcc/arm-none-eabi/9.2.1/../../../arm-none-eabi/lib/thumb/v7e-m+fp/hard/libm.a(lib_a-e_fmod.o)
 .debug_info    0x0000000000010550      0xd17 /usr/lib/gcc/arm-none-eabi/9.2.1/../../../arm-none-eabi/lib/thumb/v7e-m+fp/hard/libm.a(lib_a-e_rem_pio2.o)
 .debug_info    0x0000000000011267      0xb33 /usr/lib/gcc/arm-none-eabi/9.2.1/../../../arm-none-eabi/lib/thumb/v7e-m+fp/hard/libm.a(lib_a-e_sqrt.o)
 .debug_info    0x0000000000011d9a      0xb2a /usr/lib/gcc/arm-none-eabi/9.2.1/../../../arm-none-eabi/lib/thumb/v7e-m+fp/hard/libm.a(lib_a-k_cos.o)
 .debug_info    0x00000000000128c4      0xcd6 /usr/lib/gcc/arm-none-eabi/9.2.1/../../../arm-none-eabi/lib/thumb/v7e-m+fp/hard/libm.a(lib_a-k_rem_pio2.o)
 .debug_info    0x000000000001359a      0xaf5 /usr/lib/gcc/arm-none-eabi/9.2.1/../../../arm-none-eabi/lib/thumb/v7e-m+fp/hard/libm.a(lib_a-k_sin.o)
 .debug_info    0x000000000001408f      0xa8a /usr/lib/gcc/arm-none-eabi/9.2.1/../../../arm-none-eabi/lib/thumb/v7e-m+fp/hard/libm.a(lib_a-s_floor.o)
 .debug_info    0x0000000000014b19      0x94b /usr/lib/gcc/arm-none-eabi/9.2.1/../../../arm-none-eabi/lib/thumb/v7e-m+fp/hard/libm.a(lib_a-s_lib_ver.o)
 .debug_info    0x0000000000015464      0xae3 /usr/lib/gcc/arm-none-eabi/9.2.1/../../../arm-none-eabi/lib/thumb/v7e-m+fp/hard/libm.a(lib_a-s_scalbn.o)
 .debug_info    0x0000000000015f47      0x953 /usr/lib/gcc/arm-none-eabi/9.2.1/../../../arm-none-eabi/lib/thumb/v7e-m+fp/hard/libg.a(lib_a-errno.o)

.debug_abbrev   0x0000000000000000     0x4eaf
 .debug_abbrev  0x0000000000000000      0x351 main.o
 .debug_abbrev  0x0000000000000351       0xd3 Test.o
 .debug_abbrev  0x0000000000000424      0x2af uart.o
 .debug_abbrev  0x00000000000006d3      0x30b RoueCodeuse.o
 .debug_abbrev  0x00000000000009de      0x123 math_precalc.o
 .debug_abbrev  0x0000000000000b01      0x14d moteur.o
 .debug_abbrev  0x0000000000000c4e      0x428 asservisement.o
 .debug_abbrev  0x0000000000001076      0x1f7 clock.o
 .debug_abbrev  0x000000000000126d      0x28f i2C.o
 .debug_abbrev  0x00000000000014fc      0x102 hal_common/libopencm3//lib/libopencm3_stm32f3.a(exti_common_all.o)
 .debug_abbrev  0x00000000000015fe      0x116 hal_common/libopencm3//lib/libopencm3_stm32f3.a(gpio_common_all.o)
 .debug_abbrev  0x0000000000001714       0xbf hal_common/libopencm3//lib/libopencm3_stm32f3.a(gpio_common_f0234.o)
 .debug_abbrev  0x00000000000017d3      0x29c hal_common/libopencm3//lib/libopencm3_stm32f3.a(i2c_common_v2.o)
 .debug_abbrev  0x0000000000001a6f      0x37c hal_common/libopencm3//lib/libopencm3_stm32f3.a(rcc.o)
 .debug_abbrev  0x0000000000001deb      0x1c5 hal_common/libopencm3//lib/libopencm3_stm32f3.a(rcc_common_all.o)
 .debug_abbrev  0x0000000000001fb0      0x1ef hal_common/libopencm3//lib/libopencm3_stm32f3.a(timer_common_all.o)
 .debug_abbrev  0x000000000000219f      0x164 hal_common/libopencm3//lib/libopencm3_stm32f3.a(usart_common_all.o)
 .debug_abbrev  0x0000000000002303      0x15b hal_common/libopencm3//lib/libopencm3_stm32f3.a(vector.o)
 .debug_abbrev  0x000000000000245e      0x155 hal_common/libopencm3//lib/libopencm3_stm32f3.a(systick.o)
 .debug_abbrev  0x00000000000025b3       0xb5 hal_common/libopencm3//lib/libopencm3_stm32f3.a(nvic.o)
 .debug_abbrev  0x0000000000002668       0x9a hal_common/libopencm3//lib/libopencm3_stm32f3.a(flash_common_all.o)
 .debug_abbrev  0x0000000000002702      0x128 hal_common/libopencm3//lib/libopencm3_stm32f3.a(usart_common_v2.o)
 .debug_abbrev  0x000000000000282a      0x1b8 /usr/lib/gcc/arm-none-eabi/9.2.1/../../../arm-none-eabi/lib/thumb/v7e-m+fp/hard/libc.a(lib_a-impure.o)
 .debug_abbrev  0x00000000000029e2       0x14 /usr/lib/gcc/arm-none-eabi/9.2.1/thumb/v7e-m+fp/hard/libgcc.a(_arm_addsubdf3.o)
 .debug_abbrev  0x00000000000029f6       0x14 /usr/lib/gcc/arm-none-eabi/9.2.1/thumb/v7e-m+fp/hard/libgcc.a(_arm_muldivdf3.o)
 .debug_abbrev  0x0000000000002a0a       0x14 /usr/lib/gcc/arm-none-eabi/9.2.1/thumb/v7e-m+fp/hard/libgcc.a(_arm_cmpdf2.o)
 .debug_abbrev  0x0000000000002a1e       0x14 /usr/lib/gcc/arm-none-eabi/9.2.1/thumb/v7e-m+fp/hard/libgcc.a(_arm_unorddf2.o)
 .debug_abbrev  0x0000000000002a32       0x14 /usr/lib/gcc/arm-none-eabi/9.2.1/thumb/v7e-m+fp/hard/libgcc.a(_arm_fixdfsi.o)
 .debug_abbrev  0x0000000000002a46       0x14 /usr/lib/gcc/arm-none-eabi/9.2.1/thumb/v7e-m+fp/hard/libgcc.a(_arm_fixunsdfsi.o)
 .debug_abbrev  0x0000000000002a5a       0x14 /usr/lib/gcc/arm-none-eabi/9.2.1/thumb/v7e-m+fp/hard/libgcc.a(_arm_truncdfsf2.o)
 .debug_abbrev  0x0000000000002a6e      0x29d /usr/lib/gcc/arm-none-eabi/9.2.1/../../../arm-none-eabi/lib/thumb/v7e-m+fp/hard/libm.a(lib_a-s_atan.o)
 .debug_abbrev  0x0000000000002d0b      0x293 /usr/lib/gcc/arm-none-eabi/9.2.1/../../../arm-none-eabi/lib/thumb/v7e-m+fp/hard/libm.a(lib_a-s_cos.o)
 .debug_abbrev  0x0000000000002f9e      0x23d /usr/lib/gcc/arm-none-eabi/9.2.1/../../../arm-none-eabi/lib/thumb/v7e-m+fp/hard/libm.a(lib_a-s_fabs.o)
 .debug_abbrev  0x00000000000031db      0x25e /usr/lib/gcc/arm-none-eabi/9.2.1/../../../arm-none-eabi/lib/thumb/v7e-m+fp/hard/libm.a(lib_a-w_fmod.o)
 .debug_abbrev  0x0000000000003439      0x25e /usr/lib/gcc/arm-none-eabi/9.2.1/../../../arm-none-eabi/lib/thumb/v7e-m+fp/hard/libm.a(lib_a-w_sqrt.o)
 .debug_abbrev  0x0000000000003697      0x28f /usr/lib/gcc/arm-none-eabi/9.2.1/../../../arm-none-eabi/lib/thumb/v7e-m+fp/hard/libm.a(lib_a-e_fmod.o)
 .debug_abbrev  0x0000000000003926      0x2dc /usr/lib/gcc/arm-none-eabi/9.2.1/../../../arm-none-eabi/lib/thumb/v7e-m+fp/hard/libm.a(lib_a-e_rem_pio2.o)
 .debug_abbrev  0x0000000000003c02      0x286 /usr/lib/gcc/arm-none-eabi/9.2.1/../../../arm-none-eabi/lib/thumb/v7e-m+fp/hard/libm.a(lib_a-e_sqrt.o)
 .debug_abbrev  0x0000000000003e88      0x266 /usr/lib/gcc/arm-none-eabi/9.2.1/../../../arm-none-eabi/lib/thumb/v7e-m+fp/hard/libm.a(lib_a-k_cos.o)
 .debug_abbrev  0x00000000000040ee      0x2df /usr/lib/gcc/arm-none-eabi/9.2.1/../../../arm-none-eabi/lib/thumb/v7e-m+fp/hard/libm.a(lib_a-k_rem_pio2.o)
 .debug_abbrev  0x00000000000043cd      0x258 /usr/lib/gcc/arm-none-eabi/9.2.1/../../../arm-none-eabi/lib/thumb/v7e-m+fp/hard/libm.a(lib_a-k_sin.o)
 .debug_abbrev  0x0000000000004625      0x264 /usr/lib/gcc/arm-none-eabi/9.2.1/../../../arm-none-eabi/lib/thumb/v7e-m+fp/hard/libm.a(lib_a-s_floor.o)
 .debug_abbrev  0x0000000000004889      0x1d4 /usr/lib/gcc/arm-none-eabi/9.2.1/../../../arm-none-eabi/lib/thumb/v7e-m+fp/hard/libm.a(lib_a-s_lib_ver.o)
 .debug_abbrev  0x0000000000004a5d      0x27c /usr/lib/gcc/arm-none-eabi/9.2.1/../../../arm-none-eabi/lib/thumb/v7e-m+fp/hard/libm.a(lib_a-s_scalbn.o)
 .debug_abbrev  0x0000000000004cd9      0x1d6 /usr/lib/gcc/arm-none-eabi/9.2.1/../../../arm-none-eabi/lib/thumb/v7e-m+fp/hard/libg.a(lib_a-errno.o)

.debug_loc      0x0000000000000000     0x5dd8
 .debug_loc     0x0000000000000000      0x5f5 main.o
 .debug_loc     0x00000000000005f5      0x21c uart.o
 .debug_loc     0x0000000000000811       0x43 RoueCodeuse.o
 .debug_loc     0x0000000000000854      0x16d math_precalc.o
 .debug_loc     0x00000000000009c1      0x156 moteur.o
 .debug_loc     0x0000000000000b17      0x144 asservisement.o
 .debug_loc     0x0000000000000c5b       0x3a clock.o
 .debug_loc     0x0000000000000c95      0x254 i2C.o
 .debug_loc     0x0000000000000ee9      0x169 hal_common/libopencm3//lib/libopencm3_stm32f3.a(exti_common_all.o)
 .debug_loc     0x0000000000001052       0xbe hal_common/libopencm3//lib/libopencm3_stm32f3.a(gpio_common_all.o)
 .debug_loc     0x0000000000001110      0x14d hal_common/libopencm3//lib/libopencm3_stm32f3.a(gpio_common_f0234.o)
 .debug_loc     0x000000000000125d      0x6ba hal_common/libopencm3//lib/libopencm3_stm32f3.a(i2c_common_v2.o)
 .debug_loc     0x0000000000001917      0x86c hal_common/libopencm3//lib/libopencm3_stm32f3.a(rcc.o)
 .debug_loc     0x0000000000002183      0x120 hal_common/libopencm3//lib/libopencm3_stm32f3.a(rcc_common_all.o)
 .debug_loc     0x00000000000022a3      0x4b2 hal_common/libopencm3//lib/libopencm3_stm32f3.a(timer_common_all.o)
 .debug_loc     0x0000000000002755      0x206 hal_common/libopencm3//lib/libopencm3_stm32f3.a(usart_common_all.o)
 .debug_loc     0x000000000000295b      0x128 hal_common/libopencm3//lib/libopencm3_stm32f3.a(vector.o)
 .debug_loc     0x0000000000002a83      0x192 hal_common/libopencm3//lib/libopencm3_stm32f3.a(systick.o)
 .debug_loc     0x0000000000002c15      0x14d hal_common/libopencm3//lib/libopencm3_stm32f3.a(nvic.o)
 .debug_loc     0x0000000000002d62       0x47 hal_common/libopencm3//lib/libopencm3_stm32f3.a(flash_common_all.o)
 .debug_loc     0x0000000000002da9       0xe0 hal_common/libopencm3//lib/libopencm3_stm32f3.a(usart_common_v2.o)
 .debug_loc     0x0000000000002e89      0x42d /usr/lib/gcc/arm-none-eabi/9.2.1/../../../arm-none-eabi/lib/thumb/v7e-m+fp/hard/libm.a(lib_a-s_atan.o)
 .debug_loc     0x00000000000032b6       0xf0 /usr/lib/gcc/arm-none-eabi/9.2.1/../../../arm-none-eabi/lib/thumb/v7e-m+fp/hard/libm.a(lib_a-s_cos.o)
 .debug_loc     0x00000000000033a6       0x48 /usr/lib/gcc/arm-none-eabi/9.2.1/../../../arm-none-eabi/lib/thumb/v7e-m+fp/hard/libm.a(lib_a-s_fabs.o)
 .debug_loc     0x00000000000033ee       0xd8 /usr/lib/gcc/arm-none-eabi/9.2.1/../../../arm-none-eabi/lib/thumb/v7e-m+fp/hard/libm.a(lib_a-w_fmod.o)
 .debug_loc     0x00000000000034c6       0x98 /usr/lib/gcc/arm-none-eabi/9.2.1/../../../arm-none-eabi/lib/thumb/v7e-m+fp/hard/libm.a(lib_a-w_sqrt.o)
 .debug_loc     0x000000000000355e      0x73f /usr/lib/gcc/arm-none-eabi/9.2.1/../../../arm-none-eabi/lib/thumb/v7e-m+fp/hard/libm.a(lib_a-e_fmod.o)
 .debug_loc     0x0000000000003c9d      0x616 /usr/lib/gcc/arm-none-eabi/9.2.1/../../../arm-none-eabi/lib/thumb/v7e-m+fp/hard/libm.a(lib_a-e_rem_pio2.o)
 .debug_loc     0x00000000000042b3      0x508 /usr/lib/gcc/arm-none-eabi/9.2.1/../../../arm-none-eabi/lib/thumb/v7e-m+fp/hard/libm.a(lib_a-e_sqrt.o)
 .debug_loc     0x00000000000047bb      0x28a /usr/lib/gcc/arm-none-eabi/9.2.1/../../../arm-none-eabi/lib/thumb/v7e-m+fp/hard/libm.a(lib_a-k_cos.o)
 .debug_loc     0x0000000000004a45      0xd1f /usr/lib/gcc/arm-none-eabi/9.2.1/../../../arm-none-eabi/lib/thumb/v7e-m+fp/hard/libm.a(lib_a-k_rem_pio2.o)
 .debug_loc     0x0000000000005764      0x215 /usr/lib/gcc/arm-none-eabi/9.2.1/../../../arm-none-eabi/lib/thumb/v7e-m+fp/hard/libm.a(lib_a-k_sin.o)
 .debug_loc     0x0000000000005979      0x22c /usr/lib/gcc/arm-none-eabi/9.2.1/../../../arm-none-eabi/lib/thumb/v7e-m+fp/hard/libm.a(lib_a-s_floor.o)
 .debug_loc     0x0000000000005ba5      0x233 /usr/lib/gcc/arm-none-eabi/9.2.1/../../../arm-none-eabi/lib/thumb/v7e-m+fp/hard/libm.a(lib_a-s_scalbn.o)

.debug_aranges  0x0000000000000000      0xec0
 .debug_aranges
                0x0000000000000000       0x38 main.o
 .debug_aranges
                0x0000000000000038       0x30 Test.o
 .debug_aranges
                0x0000000000000068       0x68 uart.o
 .debug_aranges
                0x00000000000000d0       0x50 RoueCodeuse.o
 .debug_aranges
                0x0000000000000120       0x38 math_precalc.o
 .debug_aranges
                0x0000000000000158       0x78 moteur.o
 .debug_aranges
                0x00000000000001d0       0x90 asservisement.o
 .debug_aranges
                0x0000000000000260       0x40 clock.o
 .debug_aranges
                0x00000000000002a0       0x50 i2C.o
 .debug_aranges
                0x00000000000002f0       0x48 hal_common/libopencm3//lib/libopencm3_stm32f3.a(exti_common_all.o)
 .debug_aranges
                0x0000000000000338       0x50 hal_common/libopencm3//lib/libopencm3_stm32f3.a(gpio_common_all.o)
 .debug_aranges
                0x0000000000000388       0x30 hal_common/libopencm3//lib/libopencm3_stm32f3.a(gpio_common_f0234.o)
 .debug_aranges
                0x00000000000003b8      0x170 hal_common/libopencm3//lib/libopencm3_stm32f3.a(i2c_common_v2.o)
 .debug_aranges
                0x0000000000000528      0x140 hal_common/libopencm3//lib/libopencm3_stm32f3.a(rcc.o)
 .debug_aranges
                0x0000000000000668       0x60 hal_common/libopencm3//lib/libopencm3_stm32f3.a(rcc_common_all.o)
 .debug_aranges
                0x00000000000006c8      0x268 hal_common/libopencm3//lib/libopencm3_stm32f3.a(timer_common_all.o)
 .debug_aranges
                0x0000000000000930       0xd8 hal_common/libopencm3//lib/libopencm3_stm32f3.a(usart_common_all.o)
 .debug_aranges
                0x0000000000000a08       0x30 hal_common/libopencm3//lib/libopencm3_stm32f3.a(vector.o)
 .debug_aranges
                0x0000000000000a38       0x78 hal_common/libopencm3//lib/libopencm3_stm32f3.a(systick.o)
 .debug_aranges
                0x0000000000000ab0       0x60 hal_common/libopencm3//lib/libopencm3_stm32f3.a(nvic.o)
 .debug_aranges
                0x0000000000000b10       0x38 hal_common/libopencm3//lib/libopencm3_stm32f3.a(flash_common_all.o)
 .debug_aranges
                0x0000000000000b48       0xa8 hal_common/libopencm3//lib/libopencm3_stm32f3.a(usart_common_v2.o)
 .debug_aranges
                0x0000000000000bf0       0x18 /usr/lib/gcc/arm-none-eabi/9.2.1/../../../arm-none-eabi/lib/thumb/v7e-m+fp/hard/libc.a(lib_a-impure.o)
 .debug_aranges
                0x0000000000000c08       0x20 /usr/lib/gcc/arm-none-eabi/9.2.1/thumb/v7e-m+fp/hard/libgcc.a(_arm_addsubdf3.o)
 .debug_aranges
                0x0000000000000c28       0x20 /usr/lib/gcc/arm-none-eabi/9.2.1/thumb/v7e-m+fp/hard/libgcc.a(_arm_muldivdf3.o)
 .debug_aranges
                0x0000000000000c48       0x20 /usr/lib/gcc/arm-none-eabi/9.2.1/thumb/v7e-m+fp/hard/libgcc.a(_arm_cmpdf2.o)
 .debug_aranges
                0x0000000000000c68       0x20 /usr/lib/gcc/arm-none-eabi/9.2.1/thumb/v7e-m+fp/hard/libgcc.a(_arm_unorddf2.o)
 .debug_aranges
                0x0000000000000c88       0x20 /usr/lib/gcc/arm-none-eabi/9.2.1/thumb/v7e-m+fp/hard/libgcc.a(_arm_fixdfsi.o)
 .debug_aranges
                0x0000000000000ca8       0x20 /usr/lib/gcc/arm-none-eabi/9.2.1/thumb/v7e-m+fp/hard/libgcc.a(_arm_fixunsdfsi.o)
 .debug_aranges
                0x0000000000000cc8       0x20 /usr/lib/gcc/arm-none-eabi/9.2.1/thumb/v7e-m+fp/hard/libgcc.a(_arm_truncdfsf2.o)
 .debug_aranges
                0x0000000000000ce8       0x20 /usr/lib/gcc/arm-none-eabi/9.2.1/../../../arm-none-eabi/lib/thumb/v7e-m+fp/hard/libm.a(lib_a-s_atan.o)
 .debug_aranges
                0x0000000000000d08       0x20 /usr/lib/gcc/arm-none-eabi/9.2.1/../../../arm-none-eabi/lib/thumb/v7e-m+fp/hard/libm.a(lib_a-s_cos.o)
 .debug_aranges
                0x0000000000000d28       0x20 /usr/lib/gcc/arm-none-eabi/9.2.1/../../../arm-none-eabi/lib/thumb/v7e-m+fp/hard/libm.a(lib_a-s_fabs.o)
 .debug_aranges
                0x0000000000000d48       0x20 /usr/lib/gcc/arm-none-eabi/9.2.1/../../../arm-none-eabi/lib/thumb/v7e-m+fp/hard/libm.a(lib_a-w_fmod.o)
 .debug_aranges
                0x0000000000000d68       0x20 /usr/lib/gcc/arm-none-eabi/9.2.1/../../../arm-none-eabi/lib/thumb/v7e-m+fp/hard/libm.a(lib_a-w_sqrt.o)
 .debug_aranges
                0x0000000000000d88       0x20 /usr/lib/gcc/arm-none-eabi/9.2.1/../../../arm-none-eabi/lib/thumb/v7e-m+fp/hard/libm.a(lib_a-e_fmod.o)
 .debug_aranges
                0x0000000000000da8       0x20 /usr/lib/gcc/arm-none-eabi/9.2.1/../../../arm-none-eabi/lib/thumb/v7e-m+fp/hard/libm.a(lib_a-e_rem_pio2.o)
 .debug_aranges
                0x0000000000000dc8       0x20 /usr/lib/gcc/arm-none-eabi/9.2.1/../../../arm-none-eabi/lib/thumb/v7e-m+fp/hard/libm.a(lib_a-e_sqrt.o)
 .debug_aranges
                0x0000000000000de8       0x20 /usr/lib/gcc/arm-none-eabi/9.2.1/../../../arm-none-eabi/lib/thumb/v7e-m+fp/hard/libm.a(lib_a-k_cos.o)
 .debug_aranges
                0x0000000000000e08       0x20 /usr/lib/gcc/arm-none-eabi/9.2.1/../../../arm-none-eabi/lib/thumb/v7e-m+fp/hard/libm.a(lib_a-k_rem_pio2.o)
 .debug_aranges
                0x0000000000000e28       0x20 /usr/lib/gcc/arm-none-eabi/9.2.1/../../../arm-none-eabi/lib/thumb/v7e-m+fp/hard/libm.a(lib_a-k_sin.o)
 .debug_aranges
                0x0000000000000e48       0x20 /usr/lib/gcc/arm-none-eabi/9.2.1/../../../arm-none-eabi/lib/thumb/v7e-m+fp/hard/libm.a(lib_a-s_floor.o)
 .debug_aranges
                0x0000000000000e68       0x18 /usr/lib/gcc/arm-none-eabi/9.2.1/../../../arm-none-eabi/lib/thumb/v7e-m+fp/hard/libm.a(lib_a-s_lib_ver.o)
 .debug_aranges
                0x0000000000000e80       0x20 /usr/lib/gcc/arm-none-eabi/9.2.1/../../../arm-none-eabi/lib/thumb/v7e-m+fp/hard/libm.a(lib_a-s_scalbn.o)
 .debug_aranges
                0x0000000000000ea0       0x20 /usr/lib/gcc/arm-none-eabi/9.2.1/../../../arm-none-eabi/lib/thumb/v7e-m+fp/hard/libg.a(lib_a-errno.o)

.debug_ranges   0x0000000000000000      0xce0
 .debug_ranges  0x0000000000000000       0x48 main.o
 .debug_ranges  0x0000000000000048       0x20 Test.o
 .debug_ranges  0x0000000000000068       0x58 uart.o
 .debug_ranges  0x00000000000000c0       0x40 RoueCodeuse.o
 .debug_ranges  0x0000000000000100       0x28 math_precalc.o
 .debug_ranges  0x0000000000000128       0x68 moteur.o
 .debug_ranges  0x0000000000000190       0x98 asservisement.o
 .debug_ranges  0x0000000000000228       0x30 clock.o
 .debug_ranges  0x0000000000000258       0x58 i2C.o
 .debug_ranges  0x00000000000002b0       0x58 hal_common/libopencm3//lib/libopencm3_stm32f3.a(exti_common_all.o)
 .debug_ranges  0x0000000000000308       0x40 hal_common/libopencm3//lib/libopencm3_stm32f3.a(gpio_common_all.o)
 .debug_ranges  0x0000000000000348       0x20 hal_common/libopencm3//lib/libopencm3_stm32f3.a(gpio_common_f0234.o)
 .debug_ranges  0x0000000000000368      0x160 hal_common/libopencm3//lib/libopencm3_stm32f3.a(i2c_common_v2.o)
 .debug_ranges  0x00000000000004c8      0x1c0 hal_common/libopencm3//lib/libopencm3_stm32f3.a(rcc.o)
 .debug_ranges  0x0000000000000688       0x50 hal_common/libopencm3//lib/libopencm3_stm32f3.a(rcc_common_all.o)
 .debug_ranges  0x00000000000006d8      0x258 hal_common/libopencm3//lib/libopencm3_stm32f3.a(timer_common_all.o)
 .debug_ranges  0x0000000000000930       0xc8 hal_common/libopencm3//lib/libopencm3_stm32f3.a(usart_common_all.o)
 .debug_ranges  0x00000000000009f8       0x20 hal_common/libopencm3//lib/libopencm3_stm32f3.a(vector.o)
 .debug_ranges  0x0000000000000a18       0x80 hal_common/libopencm3//lib/libopencm3_stm32f3.a(systick.o)
 .debug_ranges  0x0000000000000a98       0x50 hal_common/libopencm3//lib/libopencm3_stm32f3.a(nvic.o)
 .debug_ranges  0x0000000000000ae8       0x28 hal_common/libopencm3//lib/libopencm3_stm32f3.a(flash_common_all.o)
 .debug_ranges  0x0000000000000b10       0x98 hal_common/libopencm3//lib/libopencm3_stm32f3.a(usart_common_v2.o)
 .debug_ranges  0x0000000000000ba8       0x40 /usr/lib/gcc/arm-none-eabi/9.2.1/../../../arm-none-eabi/lib/thumb/v7e-m+fp/hard/libm.a(lib_a-s_atan.o)
 .debug_ranges  0x0000000000000be8       0x38 /usr/lib/gcc/arm-none-eabi/9.2.1/../../../arm-none-eabi/lib/thumb/v7e-m+fp/hard/libm.a(lib_a-e_fmod.o)
 .debug_ranges  0x0000000000000c20       0x40 /usr/lib/gcc/arm-none-eabi/9.2.1/../../../arm-none-eabi/lib/thumb/v7e-m+fp/hard/libm.a(lib_a-e_rem_pio2.o)
 .debug_ranges  0x0000000000000c60       0x18 /usr/lib/gcc/arm-none-eabi/9.2.1/../../../arm-none-eabi/lib/thumb/v7e-m+fp/hard/libm.a(lib_a-e_sqrt.o)
 .debug_ranges  0x0000000000000c78       0x18 /usr/lib/gcc/arm-none-eabi/9.2.1/../../../arm-none-eabi/lib/thumb/v7e-m+fp/hard/libm.a(lib_a-s_floor.o)
 .debug_ranges  0x0000000000000c90       0x50 /usr/lib/gcc/arm-none-eabi/9.2.1/../../../arm-none-eabi/lib/thumb/v7e-m+fp/hard/libm.a(lib_a-s_scalbn.o)

.debug_macro    0x0000000000000000     0x66ca
 .debug_macro   0x0000000000000000      0x278 main.o
 .debug_macro   0x0000000000000278      0xa9c main.o
 .debug_macro   0x0000000000000d14       0x1c main.o
 .debug_macro   0x0000000000000d30      0x34e main.o
 .debug_macro   0x000000000000107e       0x22 main.o
 .debug_macro   0x00000000000010a0       0xe8 main.o
 .debug_macro   0x0000000000001188       0x76 main.o
 .debug_macro   0x00000000000011fe      0x1b9 main.o
 .debug_macro   0x00000000000013b7      0x7ac main.o
 .debug_macro   0x0000000000001b63       0x76 main.o
 .debug_macro   0x0000000000001bd9      0x37e main.o
 .debug_macro   0x0000000000001f57       0x94 main.o
 .debug_macro   0x0000000000001feb      0x55b main.o
 .debug_macro   0x0000000000002546       0x22 main.o
 .debug_macro   0x0000000000002568       0x6e main.o
 .debug_macro   0x00000000000025d6      0x1f0 main.o
 .debug_macro   0x00000000000027c6       0xee main.o
 .debug_macro   0x00000000000028b4       0x28 main.o
 .debug_macro   0x00000000000028dc       0x28 main.o
 .debug_macro   0x0000000000002904       0x22 main.o
 .debug_macro   0x0000000000002926       0x52 main.o
 .debug_macro   0x0000000000002978       0x18 main.o
 .debug_macro   0x0000000000002990       0x5c main.o
 .debug_macro   0x00000000000029ec       0x35 main.o
 .debug_macro   0x0000000000002a21       0x34 main.o
 .debug_macro   0x0000000000002a55      0x16d main.o
 .debug_macro   0x0000000000002bc2       0x16 main.o
 .debug_macro   0x0000000000002bd8       0x43 main.o
 .debug_macro   0x0000000000002c1b       0x57 main.o
 .debug_macro   0x0000000000002c72       0x34 main.o
 .debug_macro   0x0000000000002ca6       0x10 main.o
 .debug_macro   0x0000000000002cb6       0x52 main.o
 .debug_macro   0x0000000000002d08      0x182 main.o
 .debug_macro   0x0000000000002e8a      0x35c main.o
 .debug_macro   0x00000000000031e6       0xde main.o
 .debug_macro   0x00000000000032c4       0x16 main.o
 .debug_macro   0x00000000000032da      0xf6b main.o
 .debug_macro   0x0000000000004245       0x52 main.o
 .debug_macro   0x0000000000004297       0x16 main.o
 .debug_macro   0x00000000000042ad       0xa0 main.o
 .debug_macro   0x000000000000434d      0x39c main.o
 .debug_macro   0x00000000000046e9       0x10 main.o
 .debug_macro   0x00000000000046f9       0x2e main.o
 .debug_macro   0x0000000000004727       0x95 Test.o
 .debug_macro   0x00000000000047bc      0x1d2 uart.o
 .debug_macro   0x000000000000498e       0x16 uart.o
 .debug_macro   0x00000000000049a4       0x97 uart.o
 .debug_macro   0x0000000000004a3b       0xf6 uart.o
 .debug_macro   0x0000000000004b31       0x10 uart.o
 .debug_macro   0x0000000000004b41       0x10 uart.o
 .debug_macro   0x0000000000004b51       0x6a uart.o
 .debug_macro   0x0000000000004bbb       0xb2 uart.o
 .debug_macro   0x0000000000004c6d       0x16 uart.o
 .debug_macro   0x0000000000004c83      0x129 uart.o
 .debug_macro   0x0000000000004dac      0x1b4 RoueCodeuse.o
 .debug_macro   0x0000000000004f60       0x1b math_precalc.o
 .debug_macro   0x0000000000004f7b       0xb4 moteur.o
 .debug_macro   0x000000000000502f      0x206 asservisement.o
 .debug_macro   0x0000000000005235       0x7e clock.o
 .debug_macro   0x00000000000052b3       0x69 clock.o
 .debug_macro   0x000000000000531c      0x1bf clock.o
 .debug_macro   0x00000000000054db       0xf5 i2C.o
 .debug_macro   0x00000000000055d0       0xc1 hal_common/libopencm3//lib/libopencm3_stm32f3.a(exti_common_all.o)
 .debug_macro   0x0000000000005691       0x40 hal_common/libopencm3//lib/libopencm3_stm32f3.a(exti_common_all.o)
 .debug_macro   0x00000000000056d1       0x79 hal_common/libopencm3//lib/libopencm3_stm32f3.a(gpio_common_all.o)
 .debug_macro   0x000000000000574a       0x79 hal_common/libopencm3//lib/libopencm3_stm32f3.a(gpio_common_f0234.o)
 .debug_macro   0x00000000000057c3       0x91 hal_common/libopencm3//lib/libopencm3_stm32f3.a(i2c_common_v2.o)
 .debug_macro   0x0000000000005854       0xbb hal_common/libopencm3//lib/libopencm3_stm32f3.a(rcc.o)
 .debug_macro   0x000000000000590f       0x16 hal_common/libopencm3//lib/libopencm3_stm32f3.a(rcc.o)
 .debug_macro   0x0000000000005925       0xd6 hal_common/libopencm3//lib/libopencm3_stm32f3.a(rcc.o)
 .debug_macro   0x00000000000059fb       0x85 hal_common/libopencm3//lib/libopencm3_stm32f3.a(rcc_common_all.o)
 .debug_macro   0x0000000000005a80       0x85 hal_common/libopencm3//lib/libopencm3_stm32f3.a(timer_common_all.o)
 .debug_macro   0x0000000000005b05       0x90 hal_common/libopencm3//lib/libopencm3_stm32f3.a(usart_common_all.o)
 .debug_macro   0x0000000000005b95       0x8a hal_common/libopencm3//lib/libopencm3_stm32f3.a(vector.o)
 .debug_macro   0x0000000000005c1f      0x452 hal_common/libopencm3//lib/libopencm3_stm32f3.a(vector.o)
 .debug_macro   0x0000000000006071       0x49 hal_common/libopencm3//lib/libopencm3_stm32f3.a(systick.o)
 .debug_macro   0x00000000000060ba       0x6a hal_common/libopencm3//lib/libopencm3_stm32f3.a(nvic.o)
 .debug_macro   0x0000000000006124       0x68 hal_common/libopencm3//lib/libopencm3_stm32f3.a(nvic.o)
 .debug_macro   0x000000000000618c      0x458 hal_common/libopencm3//lib/libopencm3_stm32f3.a(nvic.o)
 .debug_macro   0x00000000000065e4       0x6e hal_common/libopencm3//lib/libopencm3_stm32f3.a(flash_common_all.o)
 .debug_macro   0x0000000000006652       0x78 hal_common/libopencm3//lib/libopencm3_stm32f3.a(usart_common_v2.o)

.debug_line     0x0000000000000000     0xa8d3
 .debug_line    0x0000000000000000      0x663 main.o
 .debug_line    0x0000000000000663      0x211 Test.o
 .debug_line    0x0000000000000874      0x56f uart.o
 .debug_line    0x0000000000000de3      0x61c RoueCodeuse.o
 .debug_line    0x00000000000013ff      0x160 math_precalc.o
 .debug_line    0x000000000000155f      0x398 moteur.o
 .debug_line    0x00000000000018f7      0xdca asservisement.o
 .debug_line    0x00000000000026c1      0x266 clock.o
 .debug_line    0x0000000000002927      0x504 i2C.o
 .debug_line    0x0000000000002e2b      0x360 hal_common/libopencm3//lib/libopencm3_stm32f3.a(exti_common_all.o)
 .debug_line    0x000000000000318b      0x290 hal_common/libopencm3//lib/libopencm3_stm32f3.a(gpio_common_all.o)
 .debug_line    0x000000000000341b      0x35f hal_common/libopencm3//lib/libopencm3_stm32f3.a(gpio_common_f0234.o)
 .debug_line    0x000000000000377a      0x814 hal_common/libopencm3//lib/libopencm3_stm32f3.a(i2c_common_v2.o)
 .debug_line    0x0000000000003f8e      0xa89 hal_common/libopencm3//lib/libopencm3_stm32f3.a(rcc.o)
 .debug_line    0x0000000000004a17      0x2e7 hal_common/libopencm3//lib/libopencm3_stm32f3.a(rcc_common_all.o)
 .debug_line    0x0000000000004cfe      0xf4f hal_common/libopencm3//lib/libopencm3_stm32f3.a(timer_common_all.o)
 .debug_line    0x0000000000005c4d      0x4eb hal_common/libopencm3//lib/libopencm3_stm32f3.a(usart_common_all.o)
 .debug_line    0x0000000000006138      0x321 hal_common/libopencm3//lib/libopencm3_stm32f3.a(vector.o)
 .debug_line    0x0000000000006459      0x26e hal_common/libopencm3//lib/libopencm3_stm32f3.a(systick.o)
 .debug_line    0x00000000000066c7      0x27e hal_common/libopencm3//lib/libopencm3_stm32f3.a(nvic.o)
 .debug_line    0x0000000000006945      0x215 hal_common/libopencm3//lib/libopencm3_stm32f3.a(flash_common_all.o)
 .debug_line    0x0000000000006b5a      0x3c8 hal_common/libopencm3//lib/libopencm3_stm32f3.a(usart_common_v2.o)
 .debug_line    0x0000000000006f22       0xe3 /usr/lib/gcc/arm-none-eabi/9.2.1/../../../arm-none-eabi/lib/thumb/v7e-m+fp/hard/libc.a(lib_a-impure.o)
 .debug_line    0x0000000000007005      0x186 /usr/lib/gcc/arm-none-eabi/9.2.1/thumb/v7e-m+fp/hard/libgcc.a(_arm_addsubdf3.o)
 .debug_line    0x000000000000718b      0x19b /usr/lib/gcc/arm-none-eabi/9.2.1/thumb/v7e-m+fp/hard/libgcc.a(_arm_muldivdf3.o)
 .debug_line    0x0000000000007326       0xbd /usr/lib/gcc/arm-none-eabi/9.2.1/thumb/v7e-m+fp/hard/libgcc.a(_arm_cmpdf2.o)
 .debug_line    0x00000000000073e3       0x6e /usr/lib/gcc/arm-none-eabi/9.2.1/thumb/v7e-m+fp/hard/libgcc.a(_arm_unorddf2.o)
 .debug_line    0x0000000000007451       0x79 /usr/lib/gcc/arm-none-eabi/9.2.1/thumb/v7e-m+fp/hard/libgcc.a(_arm_fixdfsi.o)
 .debug_line    0x00000000000074ca       0x75 /usr/lib/gcc/arm-none-eabi/9.2.1/thumb/v7e-m+fp/hard/libgcc.a(_arm_fixunsdfsi.o)
 .debug_line    0x000000000000753f       0x8d /usr/lib/gcc/arm-none-eabi/9.2.1/thumb/v7e-m+fp/hard/libgcc.a(_arm_truncdfsf2.o)
 .debug_line    0x00000000000075cc      0x38d /usr/lib/gcc/arm-none-eabi/9.2.1/../../../arm-none-eabi/lib/thumb/v7e-m+fp/hard/libm.a(lib_a-s_atan.o)
 .debug_line    0x0000000000007959      0x270 /usr/lib/gcc/arm-none-eabi/9.2.1/../../../arm-none-eabi/lib/thumb/v7e-m+fp/hard/libm.a(lib_a-s_cos.o)
 .debug_line    0x0000000000007bc9      0x1e2 /usr/lib/gcc/arm-none-eabi/9.2.1/../../../arm-none-eabi/lib/thumb/v7e-m+fp/hard/libm.a(lib_a-s_fabs.o)
 .debug_line    0x0000000000007dab      0x1ce /usr/lib/gcc/arm-none-eabi/9.2.1/../../../arm-none-eabi/lib/thumb/v7e-m+fp/hard/libm.a(lib_a-w_fmod.o)
 .debug_line    0x0000000000007f79      0x1c6 /usr/lib/gcc/arm-none-eabi/9.2.1/../../../arm-none-eabi/lib/thumb/v7e-m+fp/hard/libm.a(lib_a-w_sqrt.o)
 .debug_line    0x000000000000813f      0x599 /usr/lib/gcc/arm-none-eabi/9.2.1/../../../arm-none-eabi/lib/thumb/v7e-m+fp/hard/libm.a(lib_a-e_fmod.o)
 .debug_line    0x00000000000086d8      0x59d /usr/lib/gcc/arm-none-eabi/9.2.1/../../../arm-none-eabi/lib/thumb/v7e-m+fp/hard/libm.a(lib_a-e_rem_pio2.o)
 .debug_line    0x0000000000008c75      0x487 /usr/lib/gcc/arm-none-eabi/9.2.1/../../../arm-none-eabi/lib/thumb/v7e-m+fp/hard/libm.a(lib_a-e_sqrt.o)
 .debug_line    0x00000000000090fc      0x2f2 /usr/lib/gcc/arm-none-eabi/9.2.1/../../../arm-none-eabi/lib/thumb/v7e-m+fp/hard/libm.a(lib_a-k_cos.o)
 .debug_line    0x00000000000093ee      0xa0b /usr/lib/gcc/arm-none-eabi/9.2.1/../../../arm-none-eabi/lib/thumb/v7e-m+fp/hard/libm.a(lib_a-k_rem_pio2.o)
 .debug_line    0x0000000000009df9      0x2a3 /usr/lib/gcc/arm-none-eabi/9.2.1/../../../arm-none-eabi/lib/thumb/v7e-m+fp/hard/libm.a(lib_a-k_sin.o)
 .debug_line    0x000000000000a09c      0x34f /usr/lib/gcc/arm-none-eabi/9.2.1/../../../arm-none-eabi/lib/thumb/v7e-m+fp/hard/libm.a(lib_a-s_floor.o)
 .debug_line    0x000000000000a3eb      0x127 /usr/lib/gcc/arm-none-eabi/9.2.1/../../../arm-none-eabi/lib/thumb/v7e-m+fp/hard/libm.a(lib_a-s_lib_ver.o)
 .debug_line    0x000000000000a512      0x2b9 /usr/lib/gcc/arm-none-eabi/9.2.1/../../../arm-none-eabi/lib/thumb/v7e-m+fp/hard/libm.a(lib_a-s_scalbn.o)
 .debug_line    0x000000000000a7cb      0x108 /usr/lib/gcc/arm-none-eabi/9.2.1/../../../arm-none-eabi/lib/thumb/v7e-m+fp/hard/libg.a(lib_a-errno.o)

.debug_str      0x0000000000000000    0x19650
 .debug_str     0x0000000000000000    0x131b7 main.o
                                      0x1345b (size before relaxing)
 .debug_str     0x00000000000131b7       0x35 Test.o
                                       0x79a0 (size before relaxing)
 .debug_str     0x00000000000131ec      0x95e uart.o
                                       0xd364 (size before relaxing)
 .debug_str     0x0000000000013b4a      0x1b5 RoueCodeuse.o
                                       0xc1b4 (size before relaxing)
 .debug_str     0x0000000000013cff       0x37 math_precalc.o
                                       0x2e4b (size before relaxing)
 .debug_str     0x0000000000013d36      0x25a moteur.o
                                       0xc0c3 (size before relaxing)
 .debug_str     0x0000000000013f90      0x460 asservisement.o
                                      0x10aea (size before relaxing)
 .debug_str     0x00000000000143f0      0x2ee clock.o
                                       0x6e32 (size before relaxing)
 .debug_str     0x00000000000146de      0x2c3 i2C.o
                                       0x9ca3 (size before relaxing)
 .debug_str     0x00000000000149a1      0x379 hal_common/libopencm3//lib/libopencm3_stm32f3.a(exti_common_all.o)
                                       0x60c2 (size before relaxing)
 .debug_str     0x0000000000014d1a       0x5d hal_common/libopencm3//lib/libopencm3_stm32f3.a(gpio_common_all.o)
                                       0x5a37 (size before relaxing)
 .debug_str     0x0000000000014d77       0x5b hal_common/libopencm3//lib/libopencm3_stm32f3.a(gpio_common_f0234.o)
                                       0x5a4f (size before relaxing)
 .debug_str     0x0000000000014dd2      0x448 hal_common/libopencm3//lib/libopencm3_stm32f3.a(i2c_common_v2.o)
                                       0x82cb (size before relaxing)
 .debug_str     0x000000000001521a      0x8da hal_common/libopencm3//lib/libopencm3_stm32f3.a(rcc.o)
                                       0x85e7 (size before relaxing)
 .debug_str     0x0000000000015af4      0x170 hal_common/libopencm3//lib/libopencm3_stm32f3.a(rcc_common_all.o)
                                       0x703d (size before relaxing)
 .debug_str     0x0000000000015c64      0x94a hal_common/libopencm3//lib/libopencm3_stm32f3.a(timer_common_all.o)
                                       0xb67e (size before relaxing)
 .debug_str     0x00000000000165ae      0x209 hal_common/libopencm3//lib/libopencm3_stm32f3.a(usart_common_all.o)
                                       0x8958 (size before relaxing)
 .debug_str     0x00000000000167b7     0x2292 hal_common/libopencm3//lib/libopencm3_stm32f3.a(vector.o)
                                       0x6aa6 (size before relaxing)
 .debug_str     0x0000000000018a49       0xaf hal_common/libopencm3//lib/libopencm3_stm32f3.a(systick.o)
                                       0x41e4 (size before relaxing)
 .debug_str     0x0000000000018af8       0xb2 hal_common/libopencm3//lib/libopencm3_stm32f3.a(nvic.o)
                                       0x5d93 (size before relaxing)
 .debug_str     0x0000000000018baa       0x4e hal_common/libopencm3//lib/libopencm3_stm32f3.a(flash_common_all.o)
                                       0x4ed5 (size before relaxing)
 .debug_str     0x0000000000018bf8      0x190 hal_common/libopencm3//lib/libopencm3_stm32f3.a(usart_common_v2.o)
                                       0x6883 (size before relaxing)
 .debug_str     0x0000000000018d88      0x12c /usr/lib/gcc/arm-none-eabi/9.2.1/../../../arm-none-eabi/lib/thumb/v7e-m+fp/hard/libc.a(lib_a-impure.o)
                                        0x5a0 (size before relaxing)
 .debug_str     0x0000000000018eb4       0xa8 /usr/lib/gcc/arm-none-eabi/9.2.1/thumb/v7e-m+fp/hard/libgcc.a(_arm_addsubdf3.o)
 .debug_str     0x0000000000018f5c       0xa8 /usr/lib/gcc/arm-none-eabi/9.2.1/thumb/v7e-m+fp/hard/libgcc.a(_arm_muldivdf3.o)
 .debug_str     0x0000000000018f5c       0xa8 /usr/lib/gcc/arm-none-eabi/9.2.1/thumb/v7e-m+fp/hard/libgcc.a(_arm_cmpdf2.o)
 .debug_str     0x0000000000018f5c       0xa8 /usr/lib/gcc/arm-none-eabi/9.2.1/thumb/v7e-m+fp/hard/libgcc.a(_arm_unorddf2.o)
 .debug_str     0x0000000000018f5c       0xa8 /usr/lib/gcc/arm-none-eabi/9.2.1/thumb/v7e-m+fp/hard/libgcc.a(_arm_fixdfsi.o)
 .debug_str     0x0000000000018f5c       0xa8 /usr/lib/gcc/arm-none-eabi/9.2.1/thumb/v7e-m+fp/hard/libgcc.a(_arm_fixunsdfsi.o)
 .debug_str     0x0000000000018f5c       0xa8 /usr/lib/gcc/arm-none-eabi/9.2.1/thumb/v7e-m+fp/hard/libgcc.a(_arm_truncdfsf2.o)
 .debug_str     0x0000000000018f5c      0x11f /usr/lib/gcc/arm-none-eabi/9.2.1/../../../arm-none-eabi/lib/thumb/v7e-m+fp/hard/libm.a(lib_a-s_atan.o)
                                        0x63c (size before relaxing)
 .debug_str     0x000000000001907b       0x5e /usr/lib/gcc/arm-none-eabi/9.2.1/../../../arm-none-eabi/lib/thumb/v7e-m+fp/hard/libm.a(lib_a-s_cos.o)
                                        0x646 (size before relaxing)
 .debug_str     0x00000000000190d9       0x37 /usr/lib/gcc/arm-none-eabi/9.2.1/../../../arm-none-eabi/lib/thumb/v7e-m+fp/hard/libm.a(lib_a-s_fabs.o)
                                        0x61f (size before relaxing)
 .debug_str     0x0000000000019110       0x60 /usr/lib/gcc/arm-none-eabi/9.2.1/../../../arm-none-eabi/lib/thumb/v7e-m+fp/hard/libm.a(lib_a-w_fmod.o)
                                        0x610 (size before relaxing)
 .debug_str     0x0000000000019170       0x41 /usr/lib/gcc/arm-none-eabi/9.2.1/../../../arm-none-eabi/lib/thumb/v7e-m+fp/hard/libm.a(lib_a-w_sqrt.o)
                                        0x610 (size before relaxing)
 .debug_str     0x00000000000191b1       0x41 /usr/lib/gcc/arm-none-eabi/9.2.1/../../../arm-none-eabi/lib/thumb/v7e-m+fp/hard/libm.a(lib_a-e_fmod.o)
                                        0x633 (size before relaxing)
 .debug_str     0x00000000000191f2       0xa7 /usr/lib/gcc/arm-none-eabi/9.2.1/../../../arm-none-eabi/lib/thumb/v7e-m+fp/hard/libm.a(lib_a-e_rem_pio2.o)
                                        0x6b6 (size before relaxing)
 .debug_str     0x0000000000019299       0xa3 /usr/lib/gcc/arm-none-eabi/9.2.1/../../../arm-none-eabi/lib/thumb/v7e-m+fp/hard/libm.a(lib_a-e_sqrt.o)
                                        0x649 (size before relaxing)
 .debug_str     0x000000000001933c       0x31 /usr/lib/gcc/arm-none-eabi/9.2.1/../../../arm-none-eabi/lib/thumb/v7e-m+fp/hard/libm.a(lib_a-k_cos.o)
                                        0x62b (size before relaxing)
 .debug_str     0x000000000001936d       0x72 /usr/lib/gcc/arm-none-eabi/9.2.1/../../../arm-none-eabi/lib/thumb/v7e-m+fp/hard/libm.a(lib_a-k_rem_pio2.o)
                                        0x644 (size before relaxing)
 .debug_str     0x00000000000193df       0x31 /usr/lib/gcc/arm-none-eabi/9.2.1/../../../arm-none-eabi/lib/thumb/v7e-m+fp/hard/libm.a(lib_a-k_sin.o)
                                        0x62b (size before relaxing)
 .debug_str     0x0000000000019410       0x3d /usr/lib/gcc/arm-none-eabi/9.2.1/../../../arm-none-eabi/lib/thumb/v7e-m+fp/hard/libm.a(lib_a-s_floor.o)
                                        0x63c (size before relaxing)
 .debug_str     0x000000000001944d      0x132 /usr/lib/gcc/arm-none-eabi/9.2.1/../../../arm-none-eabi/lib/thumb/v7e-m+fp/hard/libm.a(lib_a-s_lib_ver.o)
                                        0x5f1 (size before relaxing)
 .debug_str     0x000000000001957f       0x43 /usr/lib/gcc/arm-none-eabi/9.2.1/../../../arm-none-eabi/lib/thumb/v7e-m+fp/hard/libm.a(lib_a-s_scalbn.o)
                                        0x655 (size before relaxing)
 .debug_str     0x00000000000195c2       0x8e /usr/lib/gcc/arm-none-eabi/9.2.1/../../../arm-none-eabi/lib/thumb/v7e-m+fp/hard/libg.a(lib_a-errno.o)
                                        0x5b2 (size before relaxing)

.comment        0x0000000000000000       0xa7
 .comment       0x0000000000000000       0x59 main.o
                                         0x5a (size before relaxing)
 .comment       0x0000000000000059       0x5a Test.o
 .comment       0x0000000000000059       0x5a uart.o
 .comment       0x0000000000000059       0x5a RoueCodeuse.o
 .comment       0x0000000000000059       0x5a math_precalc.o
 .comment       0x0000000000000059       0x5a moteur.o
 .comment       0x0000000000000059       0x5a asservisement.o
 .comment       0x0000000000000059       0x5a clock.o
 .comment       0x0000000000000059       0x5a i2C.o
 .comment       0x0000000000000059       0x5a hal_common/libopencm3//lib/libopencm3_stm32f3.a(exti_common_all.o)
 .comment       0x0000000000000059       0x5a hal_common/libopencm3//lib/libopencm3_stm32f3.a(gpio_common_all.o)
 .comment       0x0000000000000059       0x5a hal_common/libopencm3//lib/libopencm3_stm32f3.a(gpio_common_f0234.o)
 .comment       0x0000000000000059       0x5a hal_common/libopencm3//lib/libopencm3_stm32f3.a(i2c_common_v2.o)
 .comment       0x0000000000000059       0x5a hal_common/libopencm3//lib/libopencm3_stm32f3.a(rcc.o)
 .comment       0x0000000000000059       0x5a hal_common/libopencm3//lib/libopencm3_stm32f3.a(rcc_common_all.o)
 .comment       0x0000000000000059       0x5a hal_common/libopencm3//lib/libopencm3_stm32f3.a(timer_common_all.o)
 .comment       0x0000000000000059       0x5a hal_common/libopencm3//lib/libopencm3_stm32f3.a(usart_common_all.o)
 .comment       0x0000000000000059       0x5a hal_common/libopencm3//lib/libopencm3_stm32f3.a(vector.o)
 .comment       0x0000000000000059       0x5a hal_common/libopencm3//lib/libopencm3_stm32f3.a(systick.o)
 .comment       0x0000000000000059       0x5a hal_common/libopencm3//lib/libopencm3_stm32f3.a(nvic.o)
 .comment       0x0000000000000059       0x5a hal_common/libopencm3//lib/libopencm3_stm32f3.a(flash_common_all.o)
 .comment       0x0000000000000059       0x5a hal_common/libopencm3//lib/libopencm3_stm32f3.a(usart_common_v2.o)
 .comment       0x0000000000000059       0x4e /usr/lib/gcc/arm-none-eabi/9.2.1/../../../arm-none-eabi/lib/thumb/v7e-m+fp/hard/libc.a(lib_a-impure.o)
                                         0x4f (size before relaxing)
 .comment       0x00000000000000a7       0x4f /usr/lib/gcc/arm-none-eabi/9.2.1/../../../arm-none-eabi/lib/thumb/v7e-m+fp/hard/libm.a(lib_a-s_atan.o)
 .comment       0x00000000000000a7       0x4f /usr/lib/gcc/arm-none-eabi/9.2.1/../../../arm-none-eabi/lib/thumb/v7e-m+fp/hard/libm.a(lib_a-s_cos.o)
 .comment       0x00000000000000a7       0x4f /usr/lib/gcc/arm-none-eabi/9.2.1/../../../arm-none-eabi/lib/thumb/v7e-m+fp/hard/libm.a(lib_a-s_fabs.o)
 .comment       0x00000000000000a7       0x4f /usr/lib/gcc/arm-none-eabi/9.2.1/../../../arm-none-eabi/lib/thumb/v7e-m+fp/hard/libm.a(lib_a-w_fmod.o)
 .comment       0x00000000000000a7       0x4f /usr/lib/gcc/arm-none-eabi/9.2.1/../../../arm-none-eabi/lib/thumb/v7e-m+fp/hard/libm.a(lib_a-w_sqrt.o)
 .comment       0x00000000000000a7       0x4f /usr/lib/gcc/arm-none-eabi/9.2.1/../../../arm-none-eabi/lib/thumb/v7e-m+fp/hard/libm.a(lib_a-e_fmod.o)
 .comment       0x00000000000000a7       0x4f /usr/lib/gcc/arm-none-eabi/9.2.1/../../../arm-none-eabi/lib/thumb/v7e-m+fp/hard/libm.a(lib_a-e_rem_pio2.o)
 .comment       0x00000000000000a7       0x4f /usr/lib/gcc/arm-none-eabi/9.2.1/../../../arm-none-eabi/lib/thumb/v7e-m+fp/hard/libm.a(lib_a-e_sqrt.o)
 .comment       0x00000000000000a7       0x4f /usr/lib/gcc/arm-none-eabi/9.2.1/../../../arm-none-eabi/lib/thumb/v7e-m+fp/hard/libm.a(lib_a-k_cos.o)
 .comment       0x00000000000000a7       0x4f /usr/lib/gcc/arm-none-eabi/9.2.1/../../../arm-none-eabi/lib/thumb/v7e-m+fp/hard/libm.a(lib_a-k_rem_pio2.o)
 .comment       0x00000000000000a7       0x4f /usr/lib/gcc/arm-none-eabi/9.2.1/../../../arm-none-eabi/lib/thumb/v7e-m+fp/hard/libm.a(lib_a-k_sin.o)
 .comment       0x00000000000000a7       0x4f /usr/lib/gcc/arm-none-eabi/9.2.1/../../../arm-none-eabi/lib/thumb/v7e-m+fp/hard/libm.a(lib_a-s_floor.o)
 .comment       0x00000000000000a7       0x4f /usr/lib/gcc/arm-none-eabi/9.2.1/../../../arm-none-eabi/lib/thumb/v7e-m+fp/hard/libm.a(lib_a-s_lib_ver.o)
 .comment       0x00000000000000a7       0x4f /usr/lib/gcc/arm-none-eabi/9.2.1/../../../arm-none-eabi/lib/thumb/v7e-m+fp/hard/libm.a(lib_a-s_scalbn.o)
 .comment       0x00000000000000a7       0x4f /usr/lib/gcc/arm-none-eabi/9.2.1/../../../arm-none-eabi/lib/thumb/v7e-m+fp/hard/libg.a(lib_a-errno.o)

.ARM.attributes
                0x0000000000000000       0x32
 .ARM.attributes
                0x0000000000000000       0x34 main.o
 .ARM.attributes
                0x0000000000000034       0x34 Test.o
 .ARM.attributes